Archive member included to satisfy reference by file (symbol)

/opt/devkitpro/libctru/lib/libcitro2d.a(base.o)
                              ctr_gfx.o (C2D_Init)
/opt/devkitpro/libctru/lib/libcitro2d.a(spritesheet.o)
                              ctr_gfx.o (C2D_SpriteSheetLoad)
/opt/devkitpro/libctru/lib/libcitro2d.a(render2d_shbin.o)
                              /opt/devkitpro/libctru/lib/libcitro2d.a(base.o) (render2d_shbin)
/opt/devkitpro/libctru/lib/libcitro3d.a(attribs.o)
                              /opt/devkitpro/libctru/lib/libcitro2d.a(base.o) (AttrInfo_Init)
/opt/devkitpro/libctru/lib/libcitro3d.a(base.o)
                              /opt/devkitpro/libctru/lib/libcitro3d.a(attribs.o) (__C3D_Context)
/opt/devkitpro/libctru/lib/libcitro3d.a(buffers.o)
                              /opt/devkitpro/libctru/lib/libcitro2d.a(base.o) (BufInfo_Init)
/opt/devkitpro/libctru/lib/libcitro3d.a(drawElements.o)
                              /opt/devkitpro/libctru/lib/libcitro2d.a(base.o) (C3D_DrawElements)
/opt/devkitpro/libctru/lib/libcitro3d.a(effect.o)
                              /opt/devkitpro/libctru/lib/libcitro3d.a(base.o) (C3D_DepthMap)
/opt/devkitpro/libctru/lib/libcitro3d.a(framebuffer.o)
                              /opt/devkitpro/libctru/lib/libcitro3d.a(base.o) (C3Di_FrameBufBind)
/opt/devkitpro/libctru/lib/libcitro3d.a(immediate.o)
                              /opt/devkitpro/libctru/lib/libcitro3d.a(base.o) (C3D_ImmSendAttrib)
/opt/devkitpro/libctru/lib/libcitro3d.a(proctex.o)
                              /opt/devkitpro/libctru/lib/libcitro2d.a(base.o) (C3D_ProcTexInit)
/opt/devkitpro/libctru/lib/libcitro3d.a(renderqueue.o)
                              /opt/devkitpro/libctru/lib/libcitro3d.a(base.o) (C3Di_RenderQueueEnableVBlank)
/opt/devkitpro/libctru/lib/libcitro3d.a(tex3ds.o)
                              /opt/devkitpro/libctru/lib/libcitro2d.a(spritesheet.o) (Tex3DS_TextureImport)
/opt/devkitpro/libctru/lib/libcitro3d.a(texenv.o)
                              /opt/devkitpro/libctru/lib/libcitro2d.a(base.o) (C3D_GetTexEnv)
/opt/devkitpro/libctru/lib/libcitro3d.a(texture.o)
                              /opt/devkitpro/libctru/lib/libcitro3d.a(tex3ds.o) (C3D_TexInitWithParams)
/opt/devkitpro/libctru/lib/libcitro3d.a(uniforms.o)
                              /opt/devkitpro/libctru/lib/libcitro3d.a(base.o) (C3D_UpdateUniforms)
/opt/devkitpro/libctru/lib/libcitro3d.a(mtx_multiply.o)
                              /opt/devkitpro/libctru/lib/libcitro2d.a(base.o) (Mtx_Multiply)
/opt/devkitpro/libctru/lib/libcitro3d.a(mtx_ortho.o)
                              /opt/devkitpro/libctru/lib/libcitro2d.a(base.o) (Mtx_Ortho)
/opt/devkitpro/libctru/lib/libcitro3d.a(mtx_orthotilt.o)
                              /opt/devkitpro/libctru/lib/libcitro2d.a(base.o) (Mtx_OrthoTilt)
/opt/devkitpro/libctru/lib/libcitro3d.a(mtx_rotatez.o)
                              /opt/devkitpro/libctru/lib/libcitro2d.a(base.o) (Mtx_RotateZ)
/opt/devkitpro/libctru/lib/libcitro3d.a(mtx_scale.o)
                              /opt/devkitpro/libctru/lib/libcitro2d.a(base.o) (Mtx_Scale)
/opt/devkitpro/libctru/lib/libcitro3d.a(mtx_translate.o)
                              /opt/devkitpro/libctru/lib/libcitro2d.a(base.o) (Mtx_Translate)
/opt/devkitpro/libctru/lib/libctru.a(linear.o)
                              /opt/devkitpro/libctru/lib/libcitro2d.a(base.o) (linearAlloc)
/opt/devkitpro/libctru/lib/libctru.a(mem_pool.o)
                              /opt/devkitpro/libctru/lib/libctru.a(linear.o) (_ZN7MemPool8AllocateER8MemChunkmi)
/opt/devkitpro/libctru/lib/libctru.a(vram.o)
                              /opt/devkitpro/libctru/lib/libcitro3d.a(renderqueue.o) (vramAlloc)
/opt/devkitpro/libctru/lib/libctru.a(gfx.o)
                              /opt/devkitpro/libctru/lib/libcitro2d.a(base.o) (gfxIsWide)
/opt/devkitpro/libctru/lib/libctru.a(os.o)
                              /opt/devkitpro/libctru/lib/libcitro3d.a(buffers.o) (osConvertVirtToPhys)
/opt/devkitpro/libctru/lib/libctru.a(romfs_dev.o)
                              main.o (romfsMountSelf)
/opt/devkitpro/libctru/lib/libctru.a(gpu.o)
                              /opt/devkitpro/libctru/lib/libcitro3d.a(renderqueue.o) (gpuCmdBuf)
/opt/devkitpro/libctru/lib/libctru.a(gx.o)
                              /opt/devkitpro/libctru/lib/libcitro3d.a(renderqueue.o) (GX_BindQueue)
/opt/devkitpro/libctru/lib/libctru.a(gxqueue.o)
                              /opt/devkitpro/libctru/lib/libcitro3d.a(renderqueue.o) (gxCmdQueueClear)
/opt/devkitpro/libctru/lib/libctru.a(shaderProgram.o)
                              /opt/devkitpro/libctru/lib/libcitro2d.a(base.o) (shaderInstanceGetUniformLocation)
/opt/devkitpro/libctru/lib/libctru.a(shbin.o)
                              /opt/devkitpro/libctru/lib/libcitro2d.a(base.o) (DVLB_ParseFile)
/opt/devkitpro/libctru/lib/libctru.a(apt.o)
                              /opt/devkitpro/libctru/lib/libcitro3d.a(base.o) (aptHook)
[...]
Memory Configuration

Name             Origin             Length             Attributes
*default*        0x00000000         0xffffffff

Linker script and memory map

                0x00000000                        __sync_synchronize = __sync_synchronize_dmb
                0x00100000                        PROVIDE (__start__ = 0x100000)
                0x00100000                        . = __start__

.text           0x00100000    0x18d04
 *(.crt0)
 .crt0          0x00100000       0x94 /opt/devkitpro/devkitARM/lib/gcc/arm-none-eabi/15.2.0/../../../../arm-none-eabi/lib/armv6k/fpu/3dsx_crt0.o
                0x00100000                _start
                0x00100008                __service_ptr
                0x0010000c                __apt_appid
                0x00100010                __heap_size
                0x00100014                __linear_heap_size
                0x00100018                __system_arglist
                0x0010001c                __system_runflags
 *(.init)
 .init          0x00100094        0xc /opt/devkitpro/devkitARM/lib/gcc/arm-none-eabi/15.2.0/armv6k/fpu/crti.o
                0x00100094                _init
 .init          0x001000a0        0xc /opt/devkitpro/devkitARM/lib/gcc/arm-none-eabi/15.2.0/armv6k/fpu/crtn.o
                0x001000ac                        . = ALIGN (0x4)
 *(.text)
 .text          0x001000ac      0x20c /opt/devkitpro/devkitARM/lib/gcc/arm-none-eabi/15.2.0/armv6k/fpu/libgcc.a(_udivsi3.o)
                0x001000ac                __udivsi3
                0x001000ac                __aeabi_uidiv
                0x00100298                __aeabi_uidivmod
 .text          0x001002b8      0x240 /opt/devkitpro/devkitARM/lib/gcc/arm-none-eabi/15.2.0/armv6k/fpu/libgcc.a(_divsi3.o)
                0x001002b8                __aeabi_idiv
                0x001002b8                __divsi3
                0x001004d8                __aeabi_idivmod
 .text          0x001004f8        0x4 /opt/devkitpro/devkitARM/lib/gcc/arm-none-eabi/15.2.0/armv6k/fpu/libgcc.a(_dvmd_tls.o)
                0x001004f8                __aeabi_ldiv0
                0x001004f8                __aeabi_idiv0
 .text          0x001004fc      0x3c0 /opt/devkitpro/devkitARM/lib/gcc/arm-none-eabi/15.2.0/armv6k/fpu/libgcc.a(_arm_addsubdf3.o)
                0x001004fc                __aeabi_drsub
                0x00100504                __aeabi_dsub
                0x00100504                __subdf3
                0x00100508                __adddf3
                0x00100508                __aeabi_dadd
                0x001007b4                __aeabi_ui2d
                0x001007b4                __floatunsidf
                0x001007d8                __floatsidf
                0x001007d8                __aeabi_i2d
                0x00100800                __extendsfdf2
                0x00100800                __aeabi_f2d
                0x00100848                __aeabi_ul2d
                0x00100848                __floatundidf
                0x0010085c                __floatdidf
                0x0010085c                __aeabi_l2d
 .text          0x001008bc       0xd4 /opt/devkitpro/devkitARM/lib/gcc/arm-none-eabi/15.2.0/armv6k/fpu/libgcc.a(_aeabi_ldivmod.o)
                0x001008bc                __aeabi_ldivmod
 *fill*         0x00100990       0x10 
 .text          0x001009a0      0x390 /opt/devkitpro/devkitARM/lib/gcc/arm-none-eabi/15.2.0/../../../../arm-none-eabi/lib/armv6k/fpu/libg.a(libc_a-strcmp.o)
                0x001009a8                strcmp
 *(.text.*)
 .text.__do_global_dtors_aux
                0x00100d30       0x50 /opt/devkitpro/devkitARM/lib/gcc/arm-none-eabi/15.2.0/armv6k/fpu/crtbegin.o
 .text.frame_dummy
                0x00100d80       0x2c /opt/devkitpro/devkitARM/lib/gcc/arm-none-eabi/15.2.0/armv6k/fpu/crtbegin.o
 .text.initGraphics
                0x00100dac       0x48 ctr_gfx.o
                0x00100dac                initGraphics
 .text.loadSprites
                0x00100df4       0x2c ctr_gfx.o
                0x00100df4                loadSprites
 .text.freeSprites
                0x00100e20       0x10 ctr_gfx.o
                0x00100e20                freeSprites
 .text.updateInput
                0x00100e30       0x40 input.o
                0x00100e30                updateInput
 .text.startup.main
                0x00100e70       0xdc main.o
                0x00100e70                main
 *fill*         0x00100f4c        0x4 
 .text.initPlayer
                0x00100f50       0x70 player.o
                0x00100f50                initPlayer
 .text.drawPlayer
                0x00100fc0       0xac player.o
                0x00100fc0                drawPlayer
 *fill*         0x0010106c        0x4 
 .text.movePlayer
                0x00101070      0x1a8 player.o
                0x00101070                movePlayer
 .text.drawRays3D
                0x00101218      0x868 player.o
                0x00101218                drawRays3D
 .text.initMapValues
                0x00101a80       0x20 world.o
                0x00101a80                initMapValues
 .text.generateMap
                0x00101aa0       0x4c world.o
                0x00101aa0                generateMap
 .text.drawMap2D
                0x00101aec      0x160 world.o
                0x00101aec                drawMap2D
 .text.C2Di_FrameEndHook
                0x00101c4c       0x44 /opt/devkitpro/libctru/lib/libcitro2d.a(base.o)
 .text.C2D_Init
                0x00101c90      0x368 /opt/devkitpro/libctru/lib/libcitro2d.a(base.o)
                0x00101c90                C2D_Init
 .text.C2D_Prepare
                0x00101ff8       0xbc /opt/devkitpro/libctru/lib/libcitro2d.a(base.o)
                0x00101ff8                C2D_Prepare
 .text.C2D_Flush
                0x001020b4       0x48 /opt/devkitpro/libctru/lib/libcitro2d.a(base.o)
                0x001020b4                C2D_Flush
 .text.C2D_SceneSize
                0x001020fc       0xfc /opt/devkitpro/libctru/lib/libcitro2d.a(base.o)
                0x001020fc                C2D_SceneSize
 .text.C2D_CreateScreenTarget
                0x001021f8       0x60 /opt/devkitpro/libctru/lib/libcitro2d.a(base.o)
                0x001021f8                C2D_CreateScreenTarget
 .text.C2D_TargetClear
                0x00102258       0x60 /opt/devkitpro/libctru/lib/libcitro2d.a(base.o)
                0x00102258                C2D_TargetClear
 .text.C2Di_CalcQuad
                0x001022b8      0x14c /opt/devkitpro/libctru/lib/libcitro2d.a(base.o)
                0x001022b8                C2Di_CalcQuad
 .text.C2Di_AppendQuad
                0x00102404       0x54 /opt/devkitpro/libctru/lib/libcitro2d.a(base.o)
                0x00102404                C2Di_AppendQuad
 .text.C2Di_Update
                0x00102458      0x738 /opt/devkitpro/libctru/lib/libcitro2d.a(base.o)
                0x00102458                C2Di_Update
 .text.C2D_DrawImage
                0x00102b90      0x2e8 /opt/devkitpro/libctru/lib/libcitro2d.a(base.o)
                0x00102b90                C2D_DrawImage
 .text.C2D_DrawLine
                0x00102e78      0x1e0 /opt/devkitpro/libctru/lib/libcitro2d.a(base.o)
                0x00102e78                C2D_DrawLine
 .text.C2D_DrawRectangle
                0x00103058      0x168 /opt/devkitpro/libctru/lib/libcitro2d.a(base.o)
                0x00103058                C2D_DrawRectangle
 .text.C2D_SpriteSheetLoadFromHandle
                0x001031c0       0x68 /opt/devkitpro/libctru/lib/libcitro2d.a(spritesheet.o)
                0x001031c0                C2D_SpriteSheetLoadFromHandle
 .text.C2D_SpriteSheetLoad
                0x00103228       0x48 /opt/devkitpro/libctru/lib/libcitro2d.a(spritesheet.o)
                0x00103228                C2D_SpriteSheetLoad
 .text.C2D_SpriteSheetFree
                0x00103270       0x28 /opt/devkitpro/libctru/lib/libcitro2d.a(spritesheet.o)
                0x00103270                C2D_SpriteSheetFree
 .text.C2D_SpriteSheetGetImage
                0x00103298       0x28 /opt/devkitpro/libctru/lib/libcitro2d.a(spritesheet.o)
                0x00103298                C2D_SpriteSheetGetImage
 .text.AttrInfo_Init
                0x001032c0       0x28 /opt/devkitpro/libctru/lib/libcitro3d.a(attribs.o)
                0x001032c0                AttrInfo_Init
 .text.AttrInfo_AddLoader
                0x001032e8       0x94 /opt/devkitpro/libctru/lib/libcitro3d.a(attribs.o)
                0x001032e8                AttrInfo_AddLoader
 .text.C3D_SetAttrInfo
                0x0010337c       0x54 /opt/devkitpro/libctru/lib/libcitro3d.a(attribs.o)
                0x0010337c                C3D_SetAttrInfo
 .text.C3Di_AttrInfoBind
                0x001033d0       0x80 /opt/devkitpro/libctru/lib/libcitro3d.a(attribs.o)
                0x001033d0                C3Di_AttrInfoBind
 .text.C3Di_LightEnvUpdate
                0x00103450        0x4 /opt/devkitpro/libctru/lib/libcitro3d.a(base.o)
                0x00103450                C3Di_LightEnvUpdate
 .text.C3Di_LightEnvDirty
                0x00103454        0x4 /opt/devkitpro/libctru/lib/libcitro3d.a(base.o)
                0x00103454                C3Di_LightEnvDirty
 .text.C3Di_AptEventHook
                0x00103458       0xb4 /opt/devkitpro/libctru/lib/libcitro3d.a(base.o)
 .text.C3Di_GasUpdate
                0x0010350c        0x4 /opt/devkitpro/libctru/lib/libcitro3d.a(base.o)
                0x0010350c                C3Di_GasUpdate
 .text.C3D_Init
                0x00103510      0x1d0 /opt/devkitpro/libctru/lib/libcitro3d.a(base.o)
                0x00103510                C3D_Init
 .text.C3D_SetViewport
                0x001036e0       0x98 /opt/devkitpro/libctru/lib/libcitro3d.a(base.o)
                0x001036e0                C3D_SetViewport
 .text.C3Di_UpdateContext
                0x00103778      0x4e8 /opt/devkitpro/libctru/lib/libcitro3d.a(base.o)
                0x00103778                C3Di_UpdateContext
 .text.C3Di_SplitFrame
                0x00103c60       0xe0 /opt/devkitpro/libctru/lib/libcitro3d.a(base.o)
                0x00103c60                C3Di_SplitFrame
 .text.C3D_BindProgram
                0x00103d40      0x194 /opt/devkitpro/libctru/lib/libcitro3d.a(base.o)
                0x00103d40                C3D_BindProgram
 .text.BufInfo_Init
                0x00103ed4       0x24 /opt/devkitpro/libctru/lib/libcitro3d.a(buffers.o)
                0x00103ed4                BufInfo_Init
 .text.BufInfo_Add
                0x00103ef8       0x80 /opt/devkitpro/libctru/lib/libcitro3d.a(buffers.o)
                0x00103ef8                BufInfo_Add
 .text.C3D_SetBufInfo
                0x00103f78       0x3c /opt/devkitpro/libctru/lib/libcitro3d.a(buffers.o)
                0x00103f78                C3D_SetBufInfo
 .text.C3Di_BufInfoBind
                0x00103fb4       0x48 /opt/devkitpro/libctru/lib/libcitro3d.a(buffers.o)
                0x00103fb4                C3Di_BufInfoBind
 .text.C3D_DrawElements
                0x00103ffc      0x21c /opt/devkitpro/libctru/lib/libcitro3d.a(drawElements.o)
                0x00103ffc                C3D_DrawElements
 .text.C3D_DepthMap
                0x00104218       0x40 /opt/devkitpro/libctru/lib/libcitro3d.a(effect.o)
                0x00104218                C3D_DepthMap
 .text.C3D_CullFace
                0x00104258       0x1c /opt/devkitpro/libctru/lib/libcitro3d.a(effect.o)
                0x00104258                C3D_CullFace
 .text.C3D_StencilTest
                0x00104274       0x40 /opt/devkitpro/libctru/lib/libcitro3d.a(effect.o)
                0x00104274                C3D_StencilTest
 .text.C3D_StencilOp
                0x001042b4       0x24 /opt/devkitpro/libctru/lib/libcitro3d.a(effect.o)
                0x001042b4                C3D_StencilOp
 .text.C3D_BlendingColor
                0x001042d8       0x1c /opt/devkitpro/libctru/lib/libcitro3d.a(effect.o)
                0x001042d8                C3D_BlendingColor
 .text.C3D_EarlyDepthTest
                0x001042f4       0x24 /opt/devkitpro/libctru/lib/libcitro3d.a(effect.o)
                0x001042f4                C3D_EarlyDepthTest
 .text.C3D_DepthTest
                0x00104318       0x2c /opt/devkitpro/libctru/lib/libcitro3d.a(effect.o)
                0x00104318                C3D_DepthTest
 .text.C3D_AlphaTest
                0x00104344       0x2c /opt/devkitpro/libctru/lib/libcitro3d.a(effect.o)
                0x00104344                C3D_AlphaTest
 .text.C3D_AlphaBlend
                0x00104370       0x50 /opt/devkitpro/libctru/lib/libcitro3d.a(effect.o)
                0x00104370                C3D_AlphaBlend
 .text.C3D_FragOpMode
                0x001043c0       0x30 /opt/devkitpro/libctru/lib/libcitro3d.a(effect.o)
                0x001043c0                C3D_FragOpMode
 .text.C3D_FragOpShadow
                0x001043f0       0x44 /opt/devkitpro/libctru/lib/libcitro3d.a(effect.o)
                0x001043f0                C3D_FragOpShadow
 .text.C3Di_EffectBind
                0x00104434      0x1ac /opt/devkitpro/libctru/lib/libcitro3d.a(effect.o)
                0x00104434                C3Di_EffectBind
 .text.C3D_CalcColorBufSize
                0x001045e0       0x1c /opt/devkitpro/libctru/lib/libcitro3d.a(framebuffer.o)
                0x001045e0                C3D_CalcColorBufSize
 .text.C3D_CalcDepthBufSize
                0x001045fc       0x1c /opt/devkitpro/libctru/lib/libcitro3d.a(framebuffer.o)
                0x001045fc                C3D_CalcDepthBufSize
 .text.C3D_SetFrameBuf
                0x00104618       0x44 /opt/devkitpro/libctru/lib/libcitro3d.a(framebuffer.o)
                0x00104618                C3D_SetFrameBuf
 .text.C3Di_FrameBufBind
                0x0010465c      0x16c /opt/devkitpro/libctru/lib/libcitro3d.a(framebuffer.o)
                0x0010465c                C3Di_FrameBufBind
 .text.C3D_FrameBufClear
                0x001047c8       0xc8 /opt/devkitpro/libctru/lib/libcitro3d.a(framebuffer.o)
                0x001047c8                C3D_FrameBufClear
 .text.C3D_FrameBufTransfer
                0x00104890       0x44 /opt/devkitpro/libctru/lib/libcitro3d.a(framebuffer.o)
                0x00104890                C3D_FrameBufTransfer
 .text.C3D_ImmSendAttrib
                0x001048d4       0xa8 /opt/devkitpro/libctru/lib/libcitro3d.a(immediate.o)
                0x001048d4                C3D_ImmSendAttrib
 .text.C3D_ProcTexInit
                0x0010497c       0x70 /opt/devkitpro/libctru/lib/libcitro3d.a(proctex.o)
                0x0010497c                C3D_ProcTexInit
 .text.C3D_ProcTexBind
                0x001049ec       0x54 /opt/devkitpro/libctru/lib/libcitro3d.a(proctex.o)
                0x001049ec                C3D_ProcTexBind
 .text.C3D_ProcTexLutBind
                0x00104a40       0x5c /opt/devkitpro/libctru/lib/libcitro3d.a(proctex.o)
                0x00104a40                C3D_ProcTexLutBind
 .text.ProcTexLut_FromArray
                0x00104a9c       0xa4 /opt/devkitpro/libctru/lib/libcitro3d.a(proctex.o)
                0x00104a9c                ProcTexLut_FromArray
 .text.C3Di_ProcTexUpdate
                0x00104b40      0x178 /opt/devkitpro/libctru/lib/libcitro3d.a(proctex.o)
                0x00104b40                C3Di_ProcTexUpdate
 .text.C3Di_ProcTexDirty
                0x00104cb8       0x68 /opt/devkitpro/libctru/lib/libcitro3d.a(proctex.o)
                0x00104cb8                C3Di_ProcTexDirty
 .text.onVBlank0
                0x00104d20       0x4c /opt/devkitpro/libctru/lib/libcitro3d.a(renderqueue.o)
 .text.onVBlank1
                0x00104d6c       0x4c /opt/devkitpro/libctru/lib/libcitro3d.a(renderqueue.o)
 .text.onQueueFinish
                0x00104db8       0xf4 /opt/devkitpro/libctru/lib/libcitro3d.a(renderqueue.o)
 .text.C3Di_RenderQueueEnableVBlank
                0x00104eac       0x38 /opt/devkitpro/libctru/lib/libcitro3d.a(renderqueue.o)
                0x00104eac                C3Di_RenderQueueEnableVBlank
 .text.C3Di_RenderQueueDisableVBlank
                0x00104ee4       0x30 /opt/devkitpro/libctru/lib/libcitro3d.a(renderqueue.o)
                0x00104ee4                C3Di_RenderQueueDisableVBlank
 .text.C3Di_RenderQueueInit
                0x00104f14       0x60 /opt/devkitpro/libctru/lib/libcitro3d.a(renderqueue.o)
                0x00104f14                C3Di_RenderQueueInit
 .text.C3Di_RenderQueueWaitDone
                0x00104f74       0x34 /opt/devkitpro/libctru/lib/libcitro3d.a(renderqueue.o)
                0x00104f74                C3Di_RenderQueueWaitDone
 .text.C3D_FrameBegin
                0x00104fa8       0xe8 /opt/devkitpro/libctru/lib/libcitro3d.a(renderqueue.o)
                0x00104fa8                C3D_FrameBegin
 .text.C3D_FrameDrawOn
                0x00105090       0x48 /opt/devkitpro/libctru/lib/libcitro3d.a(renderqueue.o)
                0x00105090                C3D_FrameDrawOn
 .text.C3D_FrameSplit
                0x001050d8       0x58 /opt/devkitpro/libctru/lib/libcitro3d.a(renderqueue.o)
                0x001050d8                C3D_FrameSplit
 .text.C3D_FrameEnd
                0x00105130      0x1d0 /opt/devkitpro/libctru/lib/libcitro3d.a(renderqueue.o)
                0x00105130                C3D_FrameEnd
 .text.C3D_FrameEndHook
                0x00105300       0x1c /opt/devkitpro/libctru/lib/libcitro3d.a(renderqueue.o)
                0x00105300                C3D_FrameEndHook
 .text.C3D_RenderTargetCreate
                0x0010531c      0x170 /opt/devkitpro/libctru/lib/libcitro3d.a(renderqueue.o)
                0x0010531c                C3D_RenderTargetCreate
 .text.C3D_RenderTargetSetOutput
                0x0010548c       0xa8 /opt/devkitpro/libctru/lib/libcitro3d.a(renderqueue.o)
                0x0010548c                C3D_RenderTargetSetOutput
 .text.C3D_SyncTextureCopy
                0x00105534       0xfc /opt/devkitpro/libctru/lib/libcitro3d.a(renderqueue.o)
                0x00105534                C3D_SyncTextureCopy
 .text.Tex3DSi_ImportCommon
                0x00105630      0x3d8 /opt/devkitpro/libctru/lib/libcitro3d.a(tex3ds.o)
 .text.Tex3DS_TextureImportStdio
                0x00105a08       0x38 /opt/devkitpro/libctru/lib/libcitro3d.a(tex3ds.o)
                0x00105a08                Tex3DS_TextureImportStdio
 .text.Tex3DS_GetSubTexture
                0x00105a40       0x1c /opt/devkitpro/libctru/lib/libcitro3d.a(tex3ds.o)
                0x00105a40                Tex3DS_GetSubTexture
 .text.Tex3DS_TextureFree
                0x00105a5c        0x4 /opt/devkitpro/libctru/lib/libcitro3d.a(tex3ds.o)
                0x00105a5c                Tex3DS_TextureFree
 .text.C3D_GetTexEnv
                0x00105a60       0x34 /opt/devkitpro/libctru/lib/libcitro3d.a(texenv.o)
                0x00105a60                C3D_GetTexEnv
 .text.C3Di_TexEnvBind
                0x00105a94       0x24 /opt/devkitpro/libctru/lib/libcitro3d.a(texenv.o)
                0x00105a94                C3Di_TexEnvBind
 .text.C3D_TexInitWithParams
                0x00105ab8      0x290 /opt/devkitpro/libctru/lib/libcitro3d.a(texture.o)
                0x00105ab8                C3D_TexInitWithParams
 .text.C3D_TexLoadImage
                0x00105d48       0xc8 /opt/devkitpro/libctru/lib/libcitro3d.a(texture.o)
                0x00105d48                C3D_TexLoadImage
 .text.C3D_TexBind
                0x00105e10       0x44 /opt/devkitpro/libctru/lib/libcitro3d.a(texture.o)
                0x00105e10                C3D_TexBind
 .text.C3D_TexDelete
                0x00105e54       0x74 /opt/devkitpro/libctru/lib/libcitro3d.a(texture.o)
                0x00105e54                C3D_TexDelete
 .text.C3Di_SetTex
                0x00105ec8      0x14c /opt/devkitpro/libctru/lib/libcitro3d.a(texture.o)
                0x00105ec8                C3Di_SetTex
 .text.C3D_UpdateUniforms
                0x00106014      0x290 /opt/devkitpro/libctru/lib/libcitro3d.a(uniforms.o)
                0x00106014                C3D_UpdateUniforms
 .text.C3Di_DirtyUniforms
                0x001062a4       0xc0 /opt/devkitpro/libctru/lib/libcitro3d.a(uniforms.o)
                0x001062a4                C3Di_DirtyUniforms
 .text.C3Di_LoadShaderUniforms
                0x00106364       0xd8 /opt/devkitpro/libctru/lib/libcitro3d.a(uniforms.o)
                0x00106364                C3Di_LoadShaderUniforms
 .text.C3Di_ClearShaderUniforms
                0x0010643c       0x28 /opt/devkitpro/libctru/lib/libcitro3d.a(uniforms.o)
                0x0010643c                C3Di_ClearShaderUniforms
 .text.Mtx_Ortho
                0x00106464       0xcc /opt/devkitpro/libctru/lib/libcitro3d.a(mtx_ortho.o)
                0x00106464                Mtx_Ortho
 .text.Mtx_OrthoTilt
                0x00106530       0xcc /opt/devkitpro/libctru/lib/libcitro3d.a(mtx_orthotilt.o)
                0x00106530                Mtx_OrthoTilt
 .text._ZL21addrMapNodeComparatorPK11rbtree_nodeS1_
                0x001065fc       0x24 /opt/devkitpro/libctru/lib/libctru.a(linear.o)
 .text._ZL21addrMapNodeDestructorP11rbtree_node
                0x00106620        0x4 /opt/devkitpro/libctru/lib/libctru.a(linear.o)
 .text.linearMemAlign
                0x00106624      0x12c /opt/devkitpro/libctru/lib/libctru.a(linear.o)
                0x00106624                linearMemAlign
 .text.linearAlloc
                0x00106750        0x8 /opt/devkitpro/libctru/lib/libctru.a(linear.o)
                0x00106750                linearAlloc
 .text.linearFree
                0x00106758       0x5c /opt/devkitpro/libctru/lib/libctru.a(linear.o)
                0x00106758                linearFree
 .text._ZN7MemPool13CoalesceRightEP8MemBlock
                0x001067b4       0x88 /opt/devkitpro/libctru/lib/libctru.a(mem_pool.o)
                0x001067b4                _ZN7MemPool13CoalesceRightEP8MemBlock
 .text._ZN7MemPool8AllocateER8MemChunkmi
                0x0010683c      0x178 /opt/devkitpro/libctru/lib/libctru.a(mem_pool.o)
                0x0010683c                _ZN7MemPool8AllocateER8MemChunkmi
 .text._ZN7MemPool10DeallocateERK8MemChunk
                0x001069b4      0x118 /opt/devkitpro/libctru/lib/libctru.a(mem_pool.o)
                0x001069b4                _ZN7MemPool10DeallocateERK8MemChunk
 .text._ZN7MemPool12GetFreeSpaceEv
                0x00106acc       0x30 /opt/devkitpro/libctru/lib/libctru.a(mem_pool.o)
                0x00106acc                _ZN7MemPool12GetFreeSpaceEv
 .text._ZL21addrMapNodeComparatorPK11rbtree_nodeS1_
                0x00106afc       0x24 /opt/devkitpro/libctru/lib/libctru.a(vram.o)
 .text._ZL21addrMapNodeDestructorP11rbtree_node
                0x00106b20        0x4 /opt/devkitpro/libctru/lib/libctru.a(vram.o)
 .text.vramMemAlignAt
                0x00106b24      0x248 /opt/devkitpro/libctru/lib/libctru.a(vram.o)
                0x00106b24                vramMemAlignAt
 .text.vramAlloc
                0x00106d6c        0xc /opt/devkitpro/libctru/lib/libctru.a(vram.o)
                0x00106d6c                vramAlloc
 .text.vramAllocAt
                0x00106d78        0xc /opt/devkitpro/libctru/lib/libctru.a(vram.o)
                0x00106d78                vramAllocAt
 .text.vramFree
                0x00106d84       0x94 /opt/devkitpro/libctru/lib/libctru.a(vram.o)
                0x00106d84                vramFree
 .text.gfxPresentFramebuffer
                0x00106e18       0xcc /opt/devkitpro/libctru/lib/libctru.a(gfx.o)
 .text.gfxIsWide
                0x00106ee4       0x1c /opt/devkitpro/libctru/lib/libctru.a(gfx.o)
                0x00106ee4                gfxIsWide
 .text.gfxSetScreenFormat
                0x00106f00       0xf8 /opt/devkitpro/libctru/lib/libctru.a(gfx.o)
                0x00106f00                gfxSetScreenFormat
 .text.gfxInit  0x00106ff8       0xd8 /opt/devkitpro/libctru/lib/libctru.a(gfx.o)
                0x00106ff8                gfxInit
 .text.gfxInitDefault
                0x001070d0       0x10 /opt/devkitpro/libctru/lib/libctru.a(gfx.o)
                0x001070d0                gfxInitDefault
 .text.gfxGetFramebuffer
                0x001070e0       0xa0 /opt/devkitpro/libctru/lib/libctru.a(gfx.o)
                0x001070e0                gfxGetFramebuffer
 .text.gfxScreenSwapBuffers
                0x00107180       0x28 /opt/devkitpro/libctru/lib/libctru.a(gfx.o)
                0x00107180                gfxScreenSwapBuffers
 .text.osConvertVirtToPhys
                0x001071a8       0x74 /opt/devkitpro/libctru/lib/libctru.a(os.o)
                0x001071a8                osConvertVirtToPhys
 .text.osGetTimeRef
                0x0010721c       0x54 /opt/devkitpro/libctru/lib/libctru.a(os.o)
                0x0010721c                osGetTimeRef
 .text.osGetTime
                0x00107270       0xec /opt/devkitpro/libctru/lib/libctru.a(os.o)
                0x00107270                osGetTime
 .text.__ctru_speedup_config
                0x0010735c       0x34 /opt/devkitpro/libctru/lib/libctru.a(os.o)
                0x0010735c                __ctru_speedup_config
 .text.romfs_close
                0x00107390        0x8 /opt/devkitpro/libctru/lib/libctru.a(romfs_dev.o)
 .text.romfs_seek
                0x00107398       0xac /opt/devkitpro/libctru/lib/libctru.a(romfs_dev.o)
 .text.romfs_dirreset
                0x00107444       0x24 /opt/devkitpro/libctru/lib/libctru.a(romfs_dev.o)
 .text.fill_dir
                0x00107468       0xc0 /opt/devkitpro/libctru/lib/libctru.a(romfs_dev.o)
 .text.romfs_dirnext
                0x00107528      0x2ac /opt/devkitpro/libctru/lib/libctru.a(romfs_dev.o)
 .text.romfs_free
                0x001077d4       0x74 /opt/devkitpro/libctru/lib/libctru.a(romfs_dev.o)
 .text.searchForFile.constprop.0
                0x00107848       0xd0 /opt/devkitpro/libctru/lib/libctru.a(romfs_dev.o)
 .text.searchForDir.constprop.0
                0x00107918       0xd4 /opt/devkitpro/libctru/lib/libctru.a(romfs_dev.o)
 .text.navigateToDir.constprop.0
                0x001079ec      0x1c0 /opt/devkitpro/libctru/lib/libctru.a(romfs_dev.o)
 .text.romfs_open
                0x00107bac      0x114 /opt/devkitpro/libctru/lib/libctru.a(romfs_dev.o)
 .text.romfs_chdir
                0x00107cc0       0x4c /opt/devkitpro/libctru/lib/libctru.a(romfs_dev.o)
 .text.romfs_diropen
                0x00107d0c       0x68 /opt/devkitpro/libctru/lib/libctru.a(romfs_dev.o)
 .text.romfs_stat
                0x00107d74      0x178 /opt/devkitpro/libctru/lib/libctru.a(romfs_dev.o)
 .text.romfs_dirclose
                0x00107eec        0x8 /opt/devkitpro/libctru/lib/libctru.a(romfs_dev.o)
 *fill*         0x00107ef4        0x4 
 .text.romfs_fstat
                0x00107ef8       0x7c /opt/devkitpro/libctru/lib/libctru.a(romfs_dev.o)
 .text.romfs_read
                0x00107f74       0xd0 /opt/devkitpro/libctru/lib/libctru.a(romfs_dev.o)
 .text.romfsMountFromFile
                0x00108044      0x294 /opt/devkitpro/libctru/lib/libctru.a(romfs_dev.o)
                0x00108044                romfsMountFromFile
 .text.romfsMountFromCurrentProcess
                0x001082d8       0x98 /opt/devkitpro/libctru/lib/libctru.a(romfs_dev.o)
                0x001082d8                romfsMountFromCurrentProcess
 .text.romfsMountSelf
                0x00108370      0x258 /opt/devkitpro/libctru/lib/libctru.a(romfs_dev.o)
                0x00108370                romfsMountSelf
 .text.GPUCMD_Add
                0x001085c8      0x13c /opt/devkitpro/libctru/lib/libctru.a(gpu.o)
                0x001085c8                GPUCMD_Add
 .text.GPUCMD_Split
                0x00108704       0xb0 /opt/devkitpro/libctru/lib/libctru.a(gpu.o)
                0x00108704                GPUCMD_Split
 .text.f32tof16
                0x001087b4       0x34 /opt/devkitpro/libctru/lib/libctru.a(gpu.o)
                0x001087b4                f32tof16
 .text.f32tof24
                0x001087e8       0x34 /opt/devkitpro/libctru/lib/libctru.a(gpu.o)
                0x001087e8                f32tof24
 .text.f32tof31
                0x0010881c       0x38 /opt/devkitpro/libctru/lib/libctru.a(gpu.o)
                0x0010881c                f32tof31
 .text.GX_BindQueue
                0x00108854       0x10 /opt/devkitpro/libctru/lib/libctru.a(gx.o)
                0x00108854                GX_BindQueue
 .text.GX_ProcessCommandList
                0x00108864       0x7c /opt/devkitpro/libctru/lib/libctru.a(gx.o)
                0x00108864                GX_ProcessCommandList
 .text.GX_MemoryFill
                0x001088e0       0x74 /opt/devkitpro/libctru/lib/libctru.a(gx.o)
                0x001088e0                GX_MemoryFill
 .text.GX_DisplayTransfer
                0x00108954       0x74 /opt/devkitpro/libctru/lib/libctru.a(gx.o)
                0x00108954                GX_DisplayTransfer
 .text.GX_TextureCopy
                0x001089c8       0x78 /opt/devkitpro/libctru/lib/libctru.a(gx.o)
                0x001089c8                GX_TextureCopy
 .text.gxCmdQueueDoCommands.part.0
                0x00108a40       0x64 /opt/devkitpro/libctru/lib/libctru.a(gxqueue.o)
 .text.gxCmdQueueInterrupt
                0x00108aa4       0xe4 /opt/devkitpro/libctru/lib/libctru.a(gxqueue.o)
                0x00108aa4                gxCmdQueueInterrupt
 .text.gxCmdQueueClear
                0x00108b88       0x68 /opt/devkitpro/libctru/lib/libctru.a(gxqueue.o)
                0x00108b88                gxCmdQueueClear
 .text.gxCmdQueueAdd
                0x00108bf0      0x108 /opt/devkitpro/libctru/lib/libctru.a(gxqueue.o)
                0x00108bf0                gxCmdQueueAdd
 .text.gxCmdQueueRun
                0x00108cf8       0x80 /opt/devkitpro/libctru/lib/libctru.a(gxqueue.o)
                0x00108cf8                gxCmdQueueRun
 .text.gxCmdQueueStop
                0x00108d78       0x64 /opt/devkitpro/libctru/lib/libctru.a(gxqueue.o)
                0x00108d78                gxCmdQueueStop
 .text.gxCmdQueueWait
                0x00108ddc       0xac /opt/devkitpro/libctru/lib/libctru.a(gxqueue.o)
                0x00108ddc                gxCmdQueueWait
 .text.shaderInstanceInit
                0x00108e88      0x1e0 /opt/devkitpro/libctru/lib/libctru.a(shaderProgram.o)
                0x00108e88                shaderInstanceInit
 .text.shaderInstanceGetUniformLocation
                0x00109068       0x18 /opt/devkitpro/libctru/lib/libctru.a(shaderProgram.o)
                0x00109068                shaderInstanceGetUniformLocation
 .text.shaderProgramInit
                0x00109080       0x1c /opt/devkitpro/libctru/lib/libctru.a(shaderProgram.o)
                0x00109080                shaderProgramInit
 .text.shaderProgramSetVsh
                0x0010909c       0x94 /opt/devkitpro/libctru/lib/libctru.a(shaderProgram.o)
                0x0010909c                shaderProgramSetVsh
 .text.shaderProgramConfigure
                0x00109130      0x8d0 /opt/devkitpro/libctru/lib/libctru.a(shaderProgram.o)
                0x00109130                shaderProgramConfigure
 .text.DVLE_GenerateOutmap.part.0
                0x00109a00      0x1dc /opt/devkitpro/libctru/lib/libctru.a(shbin.o)
 .text.DVLB_ParseFile
                0x00109bdc      0x1ac /opt/devkitpro/libctru/lib/libctru.a(shbin.o)
                0x00109bdc                DVLB_ParseFile
 .text.DVLE_GetUniformRegister
                0x00109d88       0x74 /opt/devkitpro/libctru/lib/libctru.a(shbin.o)
                0x00109d88                DVLE_GetUniformRegister
 .text.aptConvertScreenForCapture
                0x00109dfc      0x180 /opt/devkitpro/libctru/lib/libctru.a(apt.o)
 .text.aptDspSleep
                0x00109f7c        0x8 /opt/devkitpro/libctru/lib/libctru.a(apt.o)
                0x00109f7c                aptDspSleep
 .text.aptDspWakeup
                0x00109f84        0x4 /opt/devkitpro/libctru/lib/libctru.a(apt.o)
                0x00109f84                aptDspWakeup
 .text.aptDspCancel
                0x00109f88        0x4 /opt/devkitpro/libctru/lib/libctru.a(apt.o)
                0x00109f88                aptDspCancel
 .text.aptSendCommand
                0x00109f8c      0x138 /opt/devkitpro/libctru/lib/libctru.a(apt.o)
                0x00109f8c                aptSendCommand
 *fill*         0x0010a0c4        0x4 
 .text.aptExitProcess
                0x0010a0c8       0x44 /opt/devkitpro/libctru/lib/libctru.a(apt.o)
 .text.aptExit  0x0010a10c      0x394 /opt/devkitpro/libctru/lib/libctru.a(apt.o)
                0x0010a10c                aptExit
 .text.aptHandleSleep
                0x0010a4a0       0xd8 /opt/devkitpro/libctru/lib/libctru.a(apt.o)
                0x0010a4a0                aptHandleSleep
 .text.aptHook  0x0010a578       0x34 /opt/devkitpro/libctru/lib/libctru.a(apt.o)
                0x0010a578                aptHook
 .text.APT_SleepIfShellClosed
                0x0010a5ac       0x84 /opt/devkitpro/libctru/lib/libctru.a(apt.o)
                0x0010a5ac                APT_SleepIfShellClosed
 .text.aptSetSleepAllowed
                0x0010a630       0x78 /opt/devkitpro/libctru/lib/libctru.a(apt.o)
                0x0010a630                aptSetSleepAllowed
 .text.APT_UnlockTransition
                0x0010a6a8       0x84 /opt/devkitpro/libctru/lib/libctru.a(apt.o)
                0x0010a6a8                APT_UnlockTransition
 *fill*         0x0010a72c        0x4 
 .text.aptEventHandler
                0x0010a730      0x470 /opt/devkitpro/libctru/lib/libctru.a(apt.o)
 .text.APT_ReceiveParameter
                0x0010aba0       0xbc /opt/devkitpro/libctru/lib/libctru.a(apt.o)
                0x0010aba0                APT_ReceiveParameter
 .text.aptReceiveParameter.constprop.0
                0x0010ac5c       0xb0 /opt/devkitpro/libctru/lib/libctru.a(apt.o)
 *fill*         0x0010ad0c        0x4 
 .text.aptScreenTransfer
                0x0010ad10      0x294 /opt/devkitpro/libctru/lib/libctru.a(apt.o)
 .text.aptWaitForWakeUp.isra.0
                0x0010afa4      0x2d0 /opt/devkitpro/libctru/lib/libctru.a(apt.o)
 .text.aptJumpToHomeMenu
                0x0010b274       0xf4 /opt/devkitpro/libctru/lib/libctru.a(apt.o)
                0x0010b274                aptJumpToHomeMenu
 .text.aptMainLoop
                0x0010b368       0x58 /opt/devkitpro/libctru/lib/libctru.a(apt.o)
                0x0010b368                aptMainLoop
 .text.aptInit  0x0010b3c0      0x240 /opt/devkitpro/libctru/lib/libctru.a(apt.o)
                0x0010b3c0                aptInit
 .text.APT_CheckNew3DS
                0x0010b600       0x90 /opt/devkitpro/libctru/lib/libctru.a(apt.o)
                0x0010b600                APT_CheckNew3DS
 .text.fsInit   0x0010b690      0x104 /opt/devkitpro/libctru/lib/libctru.a(fs.o)
                0x0010b690                fsInit
 .text.fsExit   0x0010b794       0x3c /opt/devkitpro/libctru/lib/libctru.a(fs.o)
                0x0010b794                fsExit
 .text.fsExemptFromSession
                0x0010b7d0       0x68 /opt/devkitpro/libctru/lib/libctru.a(fs.o)
                0x0010b7d0                fsExemptFromSession
 .text.fsUnexemptFromSession
                0x0010b838       0x50 /opt/devkitpro/libctru/lib/libctru.a(fs.o)
                0x0010b838                fsUnexemptFromSession
 .text.FSUSER_OpenFile
                0x0010b888       0xcc /opt/devkitpro/libctru/lib/libctru.a(fs.o)
                0x0010b888                FSUSER_OpenFile
 .text.FSUSER_OpenFileDirectly
                0x0010b954       0xcc /opt/devkitpro/libctru/lib/libctru.a(fs.o)
                0x0010b954                FSUSER_OpenFileDirectly
 .text.FSUSER_DeleteFile
                0x0010ba20       0xb8 /opt/devkitpro/libctru/lib/libctru.a(fs.o)
                0x0010ba20                FSUSER_DeleteFile
 .text.FSUSER_RenameFile
                0x0010bad8       0xf4 /opt/devkitpro/libctru/lib/libctru.a(fs.o)
                0x0010bad8                FSUSER_RenameFile
 .text.FSUSER_DeleteDirectory
                0x0010bbcc       0xb8 /opt/devkitpro/libctru/lib/libctru.a(fs.o)
                0x0010bbcc                FSUSER_DeleteDirectory
 .text.FSUSER_CreateFile
                0x0010bc84       0xd0 /opt/devkitpro/libctru/lib/libctru.a(fs.o)
                0x0010bc84                FSUSER_CreateFile
 .text.FSUSER_CreateDirectory
                0x0010bd54       0xc0 /opt/devkitpro/libctru/lib/libctru.a(fs.o)
                0x0010bd54                FSUSER_CreateDirectory
 .text.FSUSER_RenameDirectory
                0x0010be14       0xf4 /opt/devkitpro/libctru/lib/libctru.a(fs.o)
                0x0010be14                FSUSER_RenameDirectory
 .text.FSUSER_OpenDirectory
                0x0010bf08       0xb4 /opt/devkitpro/libctru/lib/libctru.a(fs.o)
                0x0010bf08                FSUSER_OpenDirectory
 .text.FSUSER_OpenArchive
                0x0010bfbc       0x90 /opt/devkitpro/libctru/lib/libctru.a(fs.o)
                0x0010bfbc                FSUSER_OpenArchive
 .text.FSUSER_CloseArchive
                0x0010c04c       0x8c /opt/devkitpro/libctru/lib/libctru.a(fs.o)
                0x0010c04c                FSUSER_CloseArchive
 .text.FSUSER_GetSdmcArchiveResource
                0x0010c0d8       0x74 /opt/devkitpro/libctru/lib/libctru.a(fs.o)
                0x0010c0d8                FSUSER_GetSdmcArchiveResource
 .text.FSUSER_IsSdmcWritable
                0x0010c14c       0x64 /opt/devkitpro/libctru/lib/libctru.a(fs.o)
                0x0010c14c                FSUSER_IsSdmcWritable
 .text.FSFILE_Read
                0x0010c1b0       0x64 /opt/devkitpro/libctru/lib/libctru.a(fs.o)
                0x0010c1b0                FSFILE_Read
 .text.FSFILE_Write
                0x0010c214       0x6c /opt/devkitpro/libctru/lib/libctru.a(fs.o)
                0x0010c214                FSFILE_Write
 .text.FSFILE_GetSize
                0x0010c280       0x44 /opt/devkitpro/libctru/lib/libctru.a(fs.o)
                0x0010c280                FSFILE_GetSize
 .text.FSFILE_SetSize
                0x0010c2c4       0x28 /opt/devkitpro/libctru/lib/libctru.a(fs.o)
                0x0010c2c4                FSFILE_SetSize
 .text.FSFILE_Close
                0x0010c2ec       0x3c /opt/devkitpro/libctru/lib/libctru.a(fs.o)
                0x0010c2ec                FSFILE_Close
 .text.FSFILE_Flush
                0x0010c328       0x24 /opt/devkitpro/libctru/lib/libctru.a(fs.o)
                0x0010c328                FSFILE_Flush
 .text.FSDIR_Read
                0x0010c34c       0x60 /opt/devkitpro/libctru/lib/libctru.a(fs.o)
                0x0010c34c                FSDIR_Read
 .text.FSDIR_Close
                0x0010c3ac       0x3c /opt/devkitpro/libctru/lib/libctru.a(fs.o)
                0x0010c3ac                FSDIR_Close
 .text.gspHardwareInit
                0x0010c3e8      0xc70 /opt/devkitpro/libctru/lib/libctru.a(gspgpu.o)
 .text.gspInit  0x0010d058      0x288 /opt/devkitpro/libctru/lib/libctru.a(gspgpu.o)
                0x0010d058                gspInit
 .text.gspPresentBuffer
                0x0010d2e0       0xa4 /opt/devkitpro/libctru/lib/libctru.a(gspgpu.o)
                0x0010d2e0                gspPresentBuffer
 .text.gspSetEventCallback
                0x0010d384       0x30 /opt/devkitpro/libctru/lib/libctru.a(gspgpu.o)
                0x0010d384                gspSetEventCallback
 .text.gspWaitForEvent
                0x0010d3b4       0x50 /opt/devkitpro/libctru/lib/libctru.a(gspgpu.o)
                0x0010d3b4                gspWaitForEvent
 .text.gspWaitForAnyEvent
                0x0010d404       0x4c /opt/devkitpro/libctru/lib/libctru.a(gspgpu.o)
                0x0010d404                gspWaitForAnyEvent
 .text.gspEventThreadMain
                0x0010d450      0x154 /opt/devkitpro/libctru/lib/libctru.a(gspgpu.o)
 .text.gspSubmitGxCommand
                0x0010d5a4      0x12c /opt/devkitpro/libctru/lib/libctru.a(gspgpu.o)
                0x0010d5a4                gspSubmitGxCommand
 .text.GSPGPU_FlushDataCache
                0x0010d6d0       0x50 /opt/devkitpro/libctru/lib/libctru.a(gspgpu.o)
                0x0010d6d0                GSPGPU_FlushDataCache
 .text.GSPGPU_SetLcdForceBlack
                0x0010d720       0x34 /opt/devkitpro/libctru/lib/libctru.a(gspgpu.o)
                0x0010d720                GSPGPU_SetLcdForceBlack
 .text.GSPGPU_AcquireRight
                0x0010d754       0x84 /opt/devkitpro/libctru/lib/libctru.a(gspgpu.o)
                0x0010d754                GSPGPU_AcquireRight
 .text.GSPGPU_ReleaseRight
                0x0010d7d8       0x64 /opt/devkitpro/libctru/lib/libctru.a(gspgpu.o)
                0x0010d7d8                GSPGPU_ReleaseRight
 .text.GSPGPU_ImportDisplayCaptureInfo
                0x0010d83c       0x7c /opt/devkitpro/libctru/lib/libctru.a(gspgpu.o)
                0x0010d83c                GSPGPU_ImportDisplayCaptureInfo
 .text.GSPGPU_SaveVramSysArea
                0x0010d8b8       0x2c /opt/devkitpro/libctru/lib/libctru.a(gspgpu.o)
                0x0010d8b8                GSPGPU_SaveVramSysArea
 .text.GSPGPU_RestoreVramSysArea
                0x0010d8e4       0x2c /opt/devkitpro/libctru/lib/libctru.a(gspgpu.o)
                0x0010d8e4                GSPGPU_RestoreVramSysArea
 .text.hidShouldUseIrrst
                0x0010d910       0x24 /opt/devkitpro/libctru/lib/libctru.a(hid.o)
                0x0010d910                hidShouldUseIrrst
 .text.hidInit  0x0010d934      0x1cc /opt/devkitpro/libctru/lib/libctru.a(hid.o)
                0x0010d934                hidInit
 .text.hidExit  0x0010db00       0xe8 /opt/devkitpro/libctru/lib/libctru.a(hid.o)
                0x0010db00                hidExit
 .text.hidScanInput
                0x0010dbe8      0x2a0 /opt/devkitpro/libctru/lib/libctru.a(hid.o)
                0x0010dbe8                hidScanInput
 .text.hidKeysHeld
                0x0010de88       0x10 /opt/devkitpro/libctru/lib/libctru.a(hid.o)
                0x0010de88                hidKeysHeld
 .text.hidKeysDown
                0x0010de98       0x10 /opt/devkitpro/libctru/lib/libctru.a(hid.o)
                0x0010de98                hidKeysDown
 .text.hidKeysDownRepeat
                0x0010dea8       0x18 /opt/devkitpro/libctru/lib/libctru.a(hid.o)
                0x0010dea8                hidKeysDownRepeat
 .text.hidKeysUp
                0x0010dec0       0x10 /opt/devkitpro/libctru/lib/libctru.a(hid.o)
                0x0010dec0                hidKeysUp
 .text.hidTouchRead
                0x0010ded0       0x18 /opt/devkitpro/libctru/lib/libctru.a(hid.o)
                0x0010ded0                hidTouchRead
 .text.irrstInit
                0x0010dee8      0x1a4 /opt/devkitpro/libctru/lib/libctru.a(irrst.o)
                0x0010dee8                irrstInit
 .text.irrstExit
                0x0010e08c       0xdc /opt/devkitpro/libctru/lib/libctru.a(irrst.o)
                0x0010e08c                irrstExit
 .text.irrstScanInput
                0x0010e168       0xb4 /opt/devkitpro/libctru/lib/libctru.a(irrst.o)
                0x0010e168                irrstScanInput
 .text.irrstKeysHeld
                0x0010e21c       0x24 /opt/devkitpro/libctru/lib/libctru.a(irrst.o)
                0x0010e21c                irrstKeysHeld
 .text.ptmSysmInit
                0x0010e240       0x78 /opt/devkitpro/libctru/lib/libctru.a(ptmsysm.o)
                0x0010e240                ptmSysmInit
 .text.ptmSysmExit
                0x0010e2b8       0x3c /opt/devkitpro/libctru/lib/libctru.a(ptmsysm.o)
                0x0010e2b8                ptmSysmExit
 .text.PTMSYSM_ConfigureNew3DSCPU
                0x0010e2f4       0x34 /opt/devkitpro/libctru/lib/libctru.a(ptmsysm.o)
                0x0010e2f4                PTMSYSM_ConfigureNew3DSCPU
 .text.buffer_read
                0x0010e328       0xe0 /opt/devkitpro/libctru/lib/libctru.a(decompress.o)
 .text.iov_read
                0x0010e408       0xcc /opt/devkitpro/libctru/lib/libctru.a(decompress.o)
 .text.iov_memmove
                0x0010e4d4      0x164 /opt/devkitpro/libctru/lib/libctru.a(decompress.o)
 .text.decompress_rle
                0x0010e638      0x1e0 /opt/devkitpro/libctru/lib/libctru.a(decompress.o)
 .text.decompress_lzss
                0x0010e818      0x264 /opt/devkitpro/libctru/lib/libctru.a(decompress.o)
 .text.decompress_lz11
                0x0010ea7c      0x418 /opt/devkitpro/libctru/lib/libctru.a(decompress.o)
 .text.decompress_huff.isra.0
                0x0010ee94      0x33c /opt/devkitpro/libctru/lib/libctru.a(decompress.o)
 .text.decompressCallback_Stdio
                0x0010f1d0       0x10 /opt/devkitpro/libctru/lib/libctru.a(decompress.o)
                0x0010f1d0                decompressCallback_Stdio
 .text.decompressHeader
                0x0010f1e0       0xe4 /opt/devkitpro/libctru/lib/libctru.a(decompress.o)
                0x0010f1e0                decompressHeader
 .text.decompressV
                0x0010f2c4      0x21c /opt/devkitpro/libctru/lib/libctru.a(decompress.o)
                0x0010f2c4                decompressV
 .text.rbtree_find
                0x0010f4e0       0x74 /opt/devkitpro/libctru/lib/libctru.a(rbtree_find.o)
                0x0010f4e0                rbtree_find
 .text.rbtree_init
                0x0010f554       0x10 /opt/devkitpro/libctru/lib/libctru.a(rbtree_init.o)
                0x0010f554                rbtree_init
 .text.do_insert
                0x0010f564      0x198 /opt/devkitpro/libctru/lib/libctru.a(rbtree_insert.o)
 .text.rbtree_insert
                0x0010f6fc        0x8 /opt/devkitpro/libctru/lib/libctru.a(rbtree_insert.o)
                0x0010f6fc                rbtree_insert
 .text.rbtree_remove
                0x0010f704      0x310 /opt/devkitpro/libctru/lib/libctru.a(rbtree_remove.o)
                0x0010f704                rbtree_remove
 .text.rbtree_rotate
                0x0010fa14       0x90 /opt/devkitpro/libctru/lib/libctru.a(rbtree_rotate.o)
                0x0010fa14                rbtree_rotate
 .text.utf16_to_utf8
                0x0010faa4       0xe8 /opt/devkitpro/libctru/lib/libctru.a(utf16_to_utf8.o)
                0x0010faa4                utf16_to_utf8
 .text.utf8_to_utf16
                0x0010fb8c       0xc0 /opt/devkitpro/libctru/lib/libctru.a(utf8_to_utf16.o)
                0x0010fb8c                utf8_to_utf16
 *fill*         0x0010fc4c        0x4 
 .text.__system_allocateHeaps
                0x0010fc50      0x1e8 /opt/devkitpro/libctru/lib/libctru.a(allocateHeaps.o)
                0x0010fc50                __system_allocateHeaps
 .text.__libctru_init
                0x0010fe38       0x38 /opt/devkitpro/libctru/lib/libctru.a(ctru_init.o)
                0x0010fe38                __libctru_init
 .text.__system_initArgv
                0x0010fe70      0x16c /opt/devkitpro/libctru/lib/libctru.a(initArgv.o)
                0x0010fe70                __system_initArgv
 .text.__syscall_getreent
                0x0010ffdc       0x30 /opt/devkitpro/libctru/lib/libctru.a(syscalls.o)
                0x0010ffdc                __syscall_getreent
 .text.__syscall_gettod_r
                0x0011000c       0x64 /opt/devkitpro/libctru/lib/libctru.a(syscalls.o)
                0x0011000c                __syscall_gettod_r
 .text.__syscall_lock_acquire
                0x00110070        0x4 /opt/devkitpro/libctru/lib/libctru.a(syscalls.o)
                0x00110070                __syscall_lock_acquire
 .text.__syscall_lock_release
                0x00110074        0x4 /opt/devkitpro/libctru/lib/libctru.a(syscalls.o)
                0x00110074                __syscall_lock_release
 .text.__syscall_lock_acquire_recursive
                0x00110078        0x4 /opt/devkitpro/libctru/lib/libctru.a(syscalls.o)
                0x00110078                __syscall_lock_acquire_recursive
 .text.__syscall_lock_release_recursive
                0x0011007c        0x4 /opt/devkitpro/libctru/lib/libctru.a(syscalls.o)
                0x0011007c                __syscall_lock_release_recursive
 .text.__syscall_exit
                0x00110080        0x4 /opt/devkitpro/libctru/lib/libctru.a(syscalls.o)
                0x00110080                __syscall_exit
 .text.initThreadVars
                0x00110084       0x54 /opt/devkitpro/libctru/lib/libctru.a(syscalls.o)
                0x00110084                initThreadVars
 .text.__system_initSyscalls
                0x001100d8       0x80 /opt/devkitpro/libctru/lib/libctru.a(syscalls.o)
                0x001100d8                __system_initSyscalls
 .text.svcControlMemory
                0x00110158       0x20 /opt/devkitpro/libctru/lib/libctru.a(svc.o)
                0x00110158                svcControlMemory
 .text.svcQueryMemory
                0x00110178       0x30 /opt/devkitpro/libctru/lib/libctru.a(svc.o)
                0x00110178                svcQueryMemory
 .text.svcExitProcess
                0x001101a8        0x8 /opt/devkitpro/libctru/lib/libctru.a(svc.o)
                0x001101a8                svcExitProcess
 .text.svcCreateThread
                0x001101b0       0x20 /opt/devkitpro/libctru/lib/libctru.a(svc.o)
                0x001101b0                svcCreateThread
 .text.svcExitThread
                0x001101d0        0x8 /opt/devkitpro/libctru/lib/libctru.a(svc.o)
                0x001101d0                svcExitThread
 .text.svcSleepThread
                0x001101d8        0x8 /opt/devkitpro/libctru/lib/libctru.a(svc.o)
                0x001101d8                svcSleepThread
 .text.svcReleaseMutex
                0x001101e0        0x8 /opt/devkitpro/libctru/lib/libctru.a(svc.o)
                0x001101e0                svcReleaseMutex
 .text.svcCreateEvent
                0x001101e8       0x14 /opt/devkitpro/libctru/lib/libctru.a(svc.o)
                0x001101e8                svcCreateEvent
 .text.svcSignalEvent
                0x001101fc        0x8 /opt/devkitpro/libctru/lib/libctru.a(svc.o)
                0x001101fc                svcSignalEvent
 .text.svcClearEvent
                0x00110204        0x8 /opt/devkitpro/libctru/lib/libctru.a(svc.o)
                0x00110204                svcClearEvent
 .text.svcMapMemoryBlock
                0x0011020c        0x8 /opt/devkitpro/libctru/lib/libctru.a(svc.o)
                0x0011020c                svcMapMemoryBlock
 .text.svcUnmapMemoryBlock
                0x00110214        0x8 /opt/devkitpro/libctru/lib/libctru.a(svc.o)
                0x00110214                svcUnmapMemoryBlock
 .text.svcCreateAddressArbiter
                0x0011021c       0x14 /opt/devkitpro/libctru/lib/libctru.a(svc.o)
                0x0011021c                svcCreateAddressArbiter
 .text.svcArbitrateAddressNoTimeout
                0x00110230        0x8 /opt/devkitpro/libctru/lib/libctru.a(svc.o)
                0x00110230                svcArbitrateAddressNoTimeout
 .text.svcCloseHandle
                0x00110238        0x8 /opt/devkitpro/libctru/lib/libctru.a(svc.o)
                0x00110238                svcCloseHandle
 .text.svcWaitSynchronization
                0x00110240        0x8 /opt/devkitpro/libctru/lib/libctru.a(svc.o)
                0x00110240                svcWaitSynchronization
 .text.svcWaitSynchronizationN
                0x00110248       0x28 /opt/devkitpro/libctru/lib/libctru.a(svc.o)
                0x00110248                svcWaitSynchronizationN
 .text.svcDuplicateHandle
                0x00110270       0x14 /opt/devkitpro/libctru/lib/libctru.a(svc.o)
                0x00110270                svcDuplicateHandle
 .text.svcGetSystemTick
                0x00110284        0x8 /opt/devkitpro/libctru/lib/libctru.a(svc.o)
                0x00110284                svcGetSystemTick
 .text.svcConnectToPort
                0x0011028c       0x14 /opt/devkitpro/libctru/lib/libctru.a(svc.o)
                0x0011028c                svcConnectToPort
 .text.svcSendSyncRequest
                0x001102a0        0x8 /opt/devkitpro/libctru/lib/libctru.a(svc.o)
                0x001102a0                svcSendSyncRequest
 .text.svcGetResourceLimit
                0x001102a8       0x14 /opt/devkitpro/libctru/lib/libctru.a(svc.o)
                0x001102a8                svcGetResourceLimit
 .text.svcGetResourceLimitLimitValues
                0x001102bc        0x8 /opt/devkitpro/libctru/lib/libctru.a(svc.o)
                0x001102bc                svcGetResourceLimitLimitValues
 .text.svcGetResourceLimitCurrentValues
                0x001102c4        0x8 /opt/devkitpro/libctru/lib/libctru.a(svc.o)
                0x001102c4                svcGetResourceLimitCurrentValues
 .text.svcBreak
                0x001102cc        0x8 /opt/devkitpro/libctru/lib/libctru.a(svc.o)
                0x001102cc                svcBreak
 .text.__aeabi_read_tp
                0x001102d4        0xc /opt/devkitpro/libctru/lib/libctru.a(readtp.o)
                0x001102d4                __aeabi_read_tp
 .text.initSystem
                0x001102e0       0x50 /opt/devkitpro/libctru/lib/libctru.a(stack_adjust.o)
                0x001102e0                initSystem
 .text.__ctru_exit
                0x00110330       0x14 /opt/devkitpro/libctru/lib/libctru.a(stack_adjust.o)
                0x00110330                __ctru_exit
 .text.envGetHandle
                0x00110344       0x8c /opt/devkitpro/libctru/lib/libctru.a(env.o)
                0x00110344                envGetHandle
 .text.envDestroyHandles
                0x001103d0       0x50 /opt/devkitpro/libctru/lib/libctru.a(env.o)
                0x001103d0                envDestroyHandles
 .text.srvInit  0x00110420      0x164 /opt/devkitpro/libctru/lib/libctru.a(srv.o)
                0x00110420                srvInit
 .text.srvExit  0x00110584       0x64 /opt/devkitpro/libctru/lib/libctru.a(srv.o)
                0x00110584                srvExit
 .text.srvEnableNotification
                0x001105e8       0x60 /opt/devkitpro/libctru/lib/libctru.a(srv.o)
                0x001105e8                srvEnableNotification
 .text.srvGetServiceHandleDirect
                0x00110648       0xa0 /opt/devkitpro/libctru/lib/libctru.a(srv.o)
                0x00110648                srvGetServiceHandleDirect
 .text.srvGetServiceHandle
                0x001106e8       0x48 /opt/devkitpro/libctru/lib/libctru.a(srv.o)
                0x001106e8                srvGetServiceHandle
 .text.srvSubscribe
                0x00110730       0x34 /opt/devkitpro/libctru/lib/libctru.a(srv.o)
                0x00110730                srvSubscribe
 .text.srvReceiveNotification
                0x00110764       0x60 /opt/devkitpro/libctru/lib/libctru.a(srv.o)
                0x00110764                srvReceiveNotification
 .text.srvPublishToSubscriber
                0x001107c4       0x38 /opt/devkitpro/libctru/lib/libctru.a(srv.o)
                0x001107c4                srvPublishToSubscriber
 .text.__sync_init
                0x001107fc        0xc /opt/devkitpro/libctru/lib/libctru.a(synchronization.o)
                0x001107fc                __sync_init
 .text.__sync_fini
                0x00110808       0x18 /opt/devkitpro/libctru/lib/libctru.a(synchronization.o)
                0x00110808                __sync_fini
 .text.syncArbitrateAddress
                0x00110820       0x28 /opt/devkitpro/libctru/lib/libctru.a(synchronization.o)
                0x00110820                syncArbitrateAddress
 .text.LightLock_Lock
                0x00110848       0xac /opt/devkitpro/libctru/lib/libctru.a(synchronization.o)
                0x00110848                LightLock_Lock
 .text.LightLock_Unlock
                0x001108f4       0x40 /opt/devkitpro/libctru/lib/libctru.a(synchronization.o)
                0x001108f4                LightLock_Unlock
 .text.RecursiveLock_Lock
                0x00110934       0x54 /opt/devkitpro/libctru/lib/libctru.a(synchronization.o)
                0x00110934                RecursiveLock_Lock
 .text.RecursiveLock_Unlock
                0x00110988       0x54 /opt/devkitpro/libctru/lib/libctru.a(synchronization.o)
                0x00110988                RecursiveLock_Unlock
 .text.LightEvent_Init
                0x001109dc       0x44 /opt/devkitpro/libctru/lib/libctru.a(synchronization.o)
                0x001109dc                LightEvent_Init
 .text.LightEvent_Clear
                0x00110a20       0xb8 /opt/devkitpro/libctru/lib/libctru.a(synchronization.o)
                0x00110a20                LightEvent_Clear
 .text.LightEvent_Signal
                0x00110ad8       0xdc /opt/devkitpro/libctru/lib/libctru.a(synchronization.o)
                0x00110ad8                LightEvent_Signal
 .text.LightEvent_TryWait
                0x00110bb4       0x50 /opt/devkitpro/libctru/lib/libctru.a(synchronization.o)
                0x00110bb4                LightEvent_TryWait
 .text.LightEvent_Wait
                0x00110c04       0xac /opt/devkitpro/libctru/lib/libctru.a(synchronization.o)
                0x00110c04                LightEvent_Wait
 .text.threadCreate
                0x00110cb0      0x1fc /opt/devkitpro/libctru/lib/libctru.a(thread.o)
                0x00110cb0                threadCreate
 .text.threadFree
                0x00110eac       0x38 /opt/devkitpro/libctru/lib/libctru.a(thread.o)
                0x00110eac                threadFree
 .text.threadJoin
                0x00110ee4       0x24 /opt/devkitpro/libctru/lib/libctru.a(thread.o)
                0x00110ee4                threadJoin
 .text.threadGetCurrent
                0x00110f08       0x30 /opt/devkitpro/libctru/lib/libctru.a(thread.o)
                0x00110f08                threadGetCurrent
 .text.threadExit
                0x00110f38       0x40 /opt/devkitpro/libctru/lib/libctru.a(thread.o)
                0x00110f38                threadExit
 .text._thread_begin
                0x00110f78       0x20 /opt/devkitpro/libctru/lib/libctru.a(thread.o)
 .text.mappableFindAddressWithin
                0x00110f98       0x90 /opt/devkitpro/libctru/lib/libctru.a(mappable.o)
 .text.mappableInit
                0x00111028       0x28 /opt/devkitpro/libctru/lib/libctru.a(mappable.o)
                0x00111028                mappableInit
 .text.mappableAlloc
                0x00111050       0x7c /opt/devkitpro/libctru/lib/libctru.a(mappable.o)
                0x00111050                mappableAlloc
 .text.mappableFree
                0x001110cc        0x4 /opt/devkitpro/libctru/lib/libctru.a(mappable.o)
                0x001110cc                mappableFree
 .text.srvPmGetSessionHandle
                0x001110d0        0xc /opt/devkitpro/libctru/lib/libctru.a(srvpm.o)
                0x001110d0                srvPmGetSessionHandle
 .text.rbtree_node_next
                0x001110dc       0x60 /opt/devkitpro/libctru/lib/libctru.a(rbtree_iterator.o)
                0x001110dc                rbtree_node_next
 .text.decode_utf16
                0x0011113c       0x54 /opt/devkitpro/libctru/lib/libctru.a(decode_utf16.o)
                0x0011113c                decode_utf16
 .text.decode_utf8
                0x00111190      0x140 /opt/devkitpro/libctru/lib/libctru.a(decode_utf8.o)
                0x00111190                decode_utf8
 .text.encode_utf16
                0x001112d0       0x54 /opt/devkitpro/libctru/lib/libctru.a(encode_utf16.o)
                0x001112d0                encode_utf16
 .text.encode_utf8
                0x00111324       0xe0 /opt/devkitpro/libctru/lib/libctru.a(encode_utf8.o)
                0x00111324                encode_utf8
 .text.__appExit
                0x00111404       0x30 /opt/devkitpro/libctru/lib/libctru.a(appExit.o)
                0x00111404                __appExit
 .text.__appInit
                0x00111434       0x30 /opt/devkitpro/libctru/lib/libctru.a(appInit.o)
                0x00111434                __appInit
 .text.__libctru_exit
                0x00111464       0x90 /opt/devkitpro/libctru/lib/libctru.a(ctru_exit.o)
                0x00111464                __libctru_exit
 .text.error_cmp
                0x001114f4       0x24 /opt/devkitpro/libctru/lib/libctru.a(archive_dev.o)
 .text.archive_translate_error
                0x00111518       0x50 /opt/devkitpro/libctru/lib/libctru.a(archive_dev.o)
 .text.archive_seek
                0x00111568       0xc0 /opt/devkitpro/libctru/lib/libctru.a(archive_dev.o)
 .text._archiveInit.part.0
                0x00111628       0x78 /opt/devkitpro/libctru/lib/libctru.a(archive_dev.o)
 .text.archiveFindDevice.part.0
                0x001116a0      0x110 /opt/devkitpro/libctru/lib/libctru.a(archive_dev.o)
 .text.archive_utf16path
                0x001117b0      0x298 /opt/devkitpro/libctru/lib/libctru.a(archive_dev.o)
 .text._archiveUnmountDeviceStruct.part.0
                0x00111a48       0x98 /opt/devkitpro/libctru/lib/libctru.a(archive_dev.o)
 .text._archiveMountDevice
                0x00111ae0      0x178 /opt/devkitpro/libctru/lib/libctru.a(archive_dev.o)
 .text.archive_diropen
                0x00111c58       0xf8 /opt/devkitpro/libctru/lib/libctru.a(archive_dev.o)
 .text.archive_fstat
                0x00111d50       0xac /opt/devkitpro/libctru/lib/libctru.a(archive_dev.o)
 .text.archive_fsync
                0x00111dfc       0x74 /opt/devkitpro/libctru/lib/libctru.a(archive_dev.o)
 .text.archive_close
                0x00111e70       0x74 /opt/devkitpro/libctru/lib/libctru.a(archive_dev.o)
 .text.archive_dirclose
                0x00111ee4       0x78 /opt/devkitpro/libctru/lib/libctru.a(archive_dev.o)
 .text.sdmc_statvfs
                0x00111f5c       0xec /opt/devkitpro/libctru/lib/libctru.a(archive_dev.o)
 .text.archive_chdir
                0x00112048       0xf8 /opt/devkitpro/libctru/lib/libctru.a(archive_dev.o)
 .text.archive_ftruncate
                0x00112140       0x8c /opt/devkitpro/libctru/lib/libctru.a(archive_dev.o)
 .text.archive_read
                0x001121cc       0xbc /opt/devkitpro/libctru/lib/libctru.a(archive_dev.o)
 .text.archive_unlink
                0x00112288       0xa8 /opt/devkitpro/libctru/lib/libctru.a(archive_dev.o)
 .text.archive_rmdir
                0x00112330       0xc0 /opt/devkitpro/libctru/lib/libctru.a(archive_dev.o)
 .text.archive_mkdir
                0x001123f0       0xd8 /opt/devkitpro/libctru/lib/libctru.a(archive_dev.o)
 .text.archive_stat
                0x001124c8      0x1a0 /opt/devkitpro/libctru/lib/libctru.a(archive_dev.o)
 .text.archive_dirnext
                0x00112668      0x164 /opt/devkitpro/libctru/lib/libctru.a(archive_dev.o)
 .text.archive_write
                0x001127cc      0x13c /opt/devkitpro/libctru/lib/libctru.a(archive_dev.o)
 .text.archive_open
                0x00112908      0x254 /opt/devkitpro/libctru/lib/libctru.a(archive_dev.o)
 .text.archive_rename
                0x00112b5c      0x270 /opt/devkitpro/libctru/lib/libctru.a(archive_dev.o)
 .text.archiveMountSdmc
                0x00112dcc      0x1c8 /opt/devkitpro/libctru/lib/libctru.a(archive_dev.o)
                0x00112dcc                archiveMountSdmc
 .text.archiveUnmountAll
                0x00112f94       0x54 /opt/devkitpro/libctru/lib/libctru.a(archive_dev.o)
                0x00112f94                archiveUnmountAll
 .text.sinf     0x00112fe8      0x264 /opt/devkitpro/devkitARM/lib/gcc/arm-none-eabi/15.2.0/../../../../arm-none-eabi/lib/armv6k/fpu/libm.a(libm_a-sinf.o)
                0x00112fe8                sinf
 *fill*         0x0011324c        0x4 
 .text.sin      0x00113250       0xb0 /opt/devkitpro/devkitARM/lib/gcc/arm-none-eabi/15.2.0/../../../../arm-none-eabi/lib/armv6k/fpu/libm.a(libm_a-s_sin.o)
                0x00113250                sin
 .text.__ieee754_rem_pio2
                0x00113300      0x310 /opt/devkitpro/devkitARM/lib/gcc/arm-none-eabi/15.2.0/../../../../arm-none-eabi/lib/armv6k/fpu/libm.a(libm_a-e_rem_pio2.o)
                0x00113300                __ieee754_rem_pio2
 .text.__kernel_rem_pio2
                0x00113610      0x8b8 /opt/devkitpro/devkitARM/lib/gcc/arm-none-eabi/15.2.0/../../../../arm-none-eabi/lib/armv6k/fpu/libm.a(libm_a-k_rem_pio2.o)
                0x00113610                __kernel_rem_pio2
 .text.scalbn   0x00113ec8      0x140 /opt/devkitpro/devkitARM/lib/gcc/arm-none-eabi/15.2.0/../../../../arm-none-eabi/lib/armv6k/fpu/libm.a(libm_a-s_scalbn.o)
                0x00113ec8                scalbn
 .text.sqrt     0x00114008       0x58 /opt/devkitpro/devkitARM/lib/gcc/arm-none-eabi/15.2.0/../../../../arm-none-eabi/lib/armv6k/fpu/libm.a(libm_a-w_sqrt.o)
                0x00114008                sqrt
 .text.__kernel_sin
                0x00114060       0xc0 /opt/devkitpro/devkitARM/lib/gcc/arm-none-eabi/15.2.0/../../../../arm-none-eabi/lib/armv6k/fpu/libm.a(libm_a-k_sin.o)
                0x00114060                __kernel_sin
 .text.cos      0x00114120       0xa8 /opt/devkitpro/devkitARM/lib/gcc/arm-none-eabi/15.2.0/../../../../arm-none-eabi/lib/armv6k/fpu/libm.a(libm_a-s_cos.o)
                0x00114120                cos
 .text.__ieee754_sqrt
                0x001141c8        0x8 /opt/devkitpro/devkitARM/lib/gcc/arm-none-eabi/15.2.0/../../../../arm-none-eabi/lib/armv6k/fpu/libm.a(libm_a-e_sqrt.o)
                0x001141c8                __ieee754_sqrt
 .text.with_errnof
                0x001141d0       0x24 /opt/devkitpro/devkitARM/lib/gcc/arm-none-eabi/15.2.0/../../../../arm-none-eabi/lib/armv6k/fpu/libm.a(libm_a-math_errf.o)
 .text.__math_invalidf
                0x001141f4       0x1c /opt/devkitpro/devkitARM/lib/gcc/arm-none-eabi/15.2.0/../../../../arm-none-eabi/lib/armv6k/fpu/libm.a(libm_a-math_errf.o)
                0x001141f4                __math_invalidf
 .text.floor    0x00114210      0x144 /opt/devkitpro/devkitARM/lib/gcc/arm-none-eabi/15.2.0/../../../../arm-none-eabi/lib/armv6k/fpu/libm.a(libm_a-s_floor.o)
                0x00114210                floor
 *fill*         0x00114354        0x4 
 .text.cosf     0x00114358      0x25c /opt/devkitpro/devkitARM/lib/gcc/arm-none-eabi/15.2.0/../../../../arm-none-eabi/lib/armv6k/fpu/libm.a(libm_a-cosf.o)
                0x00114358                cosf
 *fill*         0x001145b4        0x4 
 .text.tan      0x001145b8       0x78 /opt/devkitpro/devkitARM/lib/gcc/arm-none-eabi/15.2.0/../../../../arm-none-eabi/lib/armv6k/fpu/libm.a(libm_a-s_tan.o)
                0x001145b8                tan
 .text.__kernel_cos
                0x00114630      0x150 /opt/devkitpro/devkitARM/lib/gcc/arm-none-eabi/15.2.0/../../../../arm-none-eabi/lib/armv6k/fpu/libm.a(libm_a-k_cos.o)
                0x00114630                __kernel_cos
 .text.fabs     0x00114780       0x14 /opt/devkitpro/devkitARM/lib/gcc/arm-none-eabi/15.2.0/../../../../arm-none-eabi/lib/armv6k/fpu/libm.a(libm_a-s_fabs.o)
                0x00114780                fabs
 *fill*         0x00114794        0x4 
 .text.__kernel_tan
                0x00114798      0x290 /opt/devkitpro/devkitARM/lib/gcc/arm-none-eabi/15.2.0/../../../../arm-none-eabi/lib/armv6k/fpu/libm.a(libm_a-k_tan.o)
                0x00114798                __kernel_tan
 .text.__udivmoddi4
                0x00114a28      0x130 /opt/devkitpro/devkitARM/lib/gcc/arm-none-eabi/15.2.0/armv6k/fpu/libgcc.a(_udivmoddi4.o)
                0x00114a28                __udivmoddi4
 .text.strncat  0x00114b58       0xe4 /opt/devkitpro/devkitARM/lib/gcc/arm-none-eabi/15.2.0/../../../../arm-none-eabi/lib/armv6k/fpu/libg.a(libc_a-strncat.o)
                0x00114b58                strncat
 .text.memcpy   0x00114c3c      0x128 /opt/devkitpro/devkitARM/lib/gcc/arm-none-eabi/15.2.0/../../../../arm-none-eabi/lib/armv6k/fpu/libg.a(libc_a-memcpy-stub.o)
                0x00114c3c                memcpy
 .text.strlen   0x00114d64       0x8c /opt/devkitpro/devkitARM/lib/gcc/arm-none-eabi/15.2.0/../../../../arm-none-eabi/lib/armv6k/fpu/libg.a(libc_a-strlen.o)
                0x00114d64                strlen
 .text._fread_r
                0x00114df0      0x334 /opt/devkitpro/devkitARM/lib/gcc/arm-none-eabi/15.2.0/../../../../arm-none-eabi/lib/armv6k/fpu/libg.a(libc_a-fread.o)
                0x00114df0                _fread_r
 .text.fread    0x00115124       0x38 /opt/devkitpro/devkitARM/lib/gcc/arm-none-eabi/15.2.0/../../../../arm-none-eabi/lib/armv6k/fpu/libg.a(libc_a-fread.o)
                0x00115124                fread
 .text.bsearch  0x0011515c       0x78 /opt/devkitpro/devkitARM/lib/gcc/arm-none-eabi/15.2.0/../../../../arm-none-eabi/lib/armv6k/fpu/libg.a(libc_a-bsearch.o)
                0x0011515c                bsearch
 .text._fopen_r
                0x001151d4      0x134 /opt/devkitpro/devkitARM/lib/gcc/arm-none-eabi/15.2.0/../../../../arm-none-eabi/lib/armv6k/fpu/libg.a(libc_a-fopen.o)
                0x001151d4                _fopen_r
 .text.fopen    0x00115308       0x28 /opt/devkitpro/devkitARM/lib/gcc/arm-none-eabi/15.2.0/../../../../arm-none-eabi/lib/armv6k/fpu/libg.a(libc_a-fopen.o)
                0x00115308                fopen
 .text.memalign
                0x00115330       0x28 /opt/devkitpro/devkitARM/lib/gcc/arm-none-eabi/15.2.0/../../../../arm-none-eabi/lib/armv6k/fpu/libg.a(libc_a-malign.o)
                0x00115330                memalign
 .text._strtoul_l.isra.0
                0x00115358      0x1ec /opt/devkitpro/devkitARM/lib/gcc/arm-none-eabi/15.2.0/../../../../arm-none-eabi/lib/armv6k/fpu/libg.a(libc_a-strtoul.o)
 .text.strtoul  0x00115544       0x3c /opt/devkitpro/devkitARM/lib/gcc/arm-none-eabi/15.2.0/../../../../arm-none-eabi/lib/armv6k/fpu/libg.a(libc_a-strtoul.o)
                0x00115544                strtoul
 .text.strchr   0x00115580      0x140 /opt/devkitpro/devkitARM/lib/gcc/arm-none-eabi/15.2.0/../../../../arm-none-eabi/lib/armv6k/fpu/libg.a(libc_a-strchr.o)
                0x00115580                strchr
 .text.memcmp   0x001156c0       0xd8 /opt/devkitpro/devkitARM/lib/gcc/arm-none-eabi/15.2.0/../../../../arm-none-eabi/lib/armv6k/fpu/libg.a(libc_a-memcmp.o)
                0x001156c0                memcmp
 .text.calloc   0x00115798       0x28 /opt/devkitpro/devkitARM/lib/gcc/arm-none-eabi/15.2.0/../../../../arm-none-eabi/lib/armv6k/fpu/libg.a(libc_a-calloc.o)
                0x00115798                calloc
 .text._memalign_r
                0x001157c0      0x16c /opt/devkitpro/devkitARM/lib/gcc/arm-none-eabi/15.2.0/../../../../arm-none-eabi/lib/armv6k/fpu/libg.a(libc_a-malignr.o)
                0x001157c0                _memalign_r
 .text.__errno  0x0011592c        0xc /opt/devkitpro/devkitARM/lib/gcc/arm-none-eabi/15.2.0/../../../../arm-none-eabi/lib/armv6k/fpu/libg.a(libc_a-errno.o)
                0x0011592c                __errno
 .text.__smakebuf_r
                0x00115938      0x164 /opt/devkitpro/devkitARM/lib/gcc/arm-none-eabi/15.2.0/../../../../arm-none-eabi/lib/armv6k/fpu/libg.a(libc_a-makebuf.o)
                0x00115938                __smakebuf_r
 .text.__swhatbuf_r
                0x00115a9c       0x90 /opt/devkitpro/devkitARM/lib/gcc/arm-none-eabi/15.2.0/../../../../arm-none-eabi/lib/armv6k/fpu/libg.a(libc_a-makebuf.o)
                0x00115a9c                __swhatbuf_r
 .text.memset   0x00115b2c       0xe4 /opt/devkitpro/devkitARM/lib/gcc/arm-none-eabi/15.2.0/../../../../arm-none-eabi/lib/armv6k/fpu/libg.a(libc_a-memset.o)
                0x00115b2c                memset
 .text._calloc_r
                0x00115c10       0xd8 /opt/devkitpro/devkitARM/lib/gcc/arm-none-eabi/15.2.0/../../../../arm-none-eabi/lib/armv6k/fpu/libg.a(libc_a-callocr.o)
                0x00115c10                _calloc_r
 .text.__sflush_r
                0x00115ce8      0x22c /opt/devkitpro/devkitARM/lib/gcc/arm-none-eabi/15.2.0/../../../../arm-none-eabi/lib/armv6k/fpu/libg.a(libc_a-fflush.o)
                0x00115ce8                __sflush_r
 .text._fflush_r
                0x00115f14       0xc4 /opt/devkitpro/devkitARM/lib/gcc/arm-none-eabi/15.2.0/../../../../arm-none-eabi/lib/armv6k/fpu/libg.a(libc_a-fflush.o)
                0x00115f14                _fflush_r
 .text._malloc_r
                0x00115fd8      0x82c /opt/devkitpro/devkitARM/lib/gcc/arm-none-eabi/15.2.0/../../../../arm-none-eabi/lib/armv6k/fpu/libg.a(libc_a-mallocr.o)
                0x00115fd8                _malloc_r
 .text._malloc_trim_r
                0x00116804      0x114 /opt/devkitpro/devkitARM/lib/gcc/arm-none-eabi/15.2.0/../../../../arm-none-eabi/lib/armv6k/fpu/libg.a(libc_a-freer.o)
                0x00116804                _malloc_trim_r
 .text._free_r  0x00116918      0x314 /opt/devkitpro/devkitARM/lib/gcc/arm-none-eabi/15.2.0/../../../../arm-none-eabi/lib/armv6k/fpu/libg.a(libc_a-freer.o)
                0x00116918                _free_r
 .text.setvbuf  0x00116c2c      0x294 /opt/devkitpro/devkitARM/lib/gcc/arm-none-eabi/15.2.0/../../../../arm-none-eabi/lib/armv6k/fpu/libg.a(libc_a-setvbuf.o)
                0x00116c2c                setvbuf
 .text.stdio_exit_handler
                0x00116ec0       0x1c /opt/devkitpro/devkitARM/lib/gcc/arm-none-eabi/15.2.0/../../../../arm-none-eabi/lib/armv6k/fpu/libg.a(libc_a-findfp.o)
 .text.cleanup_stdio
                0x00116edc       0x5c /opt/devkitpro/devkitARM/lib/gcc/arm-none-eabi/15.2.0/../../../../arm-none-eabi/lib/armv6k/fpu/libg.a(libc_a-findfp.o)
 .text.global_stdio_init.part.0
                0x00116f38      0x154 /opt/devkitpro/devkitARM/lib/gcc/arm-none-eabi/15.2.0/../../../../arm-none-eabi/lib/armv6k/fpu/libg.a(libc_a-findfp.o)
 .text.__sfp    0x0011708c      0x138 /opt/devkitpro/devkitARM/lib/gcc/arm-none-eabi/15.2.0/../../../../arm-none-eabi/lib/armv6k/fpu/libg.a(libc_a-findfp.o)
                0x0011708c                __sfp
 .text.__sinit  0x001171c4       0x5c /opt/devkitpro/devkitARM/lib/gcc/arm-none-eabi/15.2.0/../../../../arm-none-eabi/lib/armv6k/fpu/libg.a(libc_a-findfp.o)
                0x001171c4                __sinit
 .text.__sfp_lock_acquire
                0x00117220        0xc /opt/devkitpro/devkitARM/lib/gcc/arm-none-eabi/15.2.0/../../../../arm-none-eabi/lib/armv6k/fpu/libg.a(libc_a-findfp.o)
                0x00117220                __sfp_lock_acquire
 .text.__sfp_lock_release
                0x0011722c        0xc /opt/devkitpro/devkitARM/lib/gcc/arm-none-eabi/15.2.0/../../../../arm-none-eabi/lib/armv6k/fpu/libg.a(libc_a-findfp.o)
                0x0011722c                __sfp_lock_release
 .text.__libc_init_array
                0x00117238       0x84 /opt/devkitpro/devkitARM/lib/gcc/arm-none-eabi/15.2.0/../../../../arm-none-eabi/lib/armv6k/fpu/libg.a(libc_a-init.o)
                0x00117238                __libc_init_array
 .text.strncpy  0x001172bc       0xd4 /opt/devkitpro/devkitARM/lib/gcc/arm-none-eabi/15.2.0/../../../../arm-none-eabi/lib/armv6k/fpu/libg.a(libc_a-strncpy.o)
                0x001172bc                strncpy
 .text._fseek_r
                0x00117390       0x1c /opt/devkitpro/devkitARM/lib/gcc/arm-none-eabi/15.2.0/../../../../arm-none-eabi/lib/armv6k/fpu/libg.a(libc_a-fseek.o)
                0x00117390                _fseek_r
 .text.malloc   0x001173ac       0x40 /opt/devkitpro/devkitARM/lib/gcc/arm-none-eabi/15.2.0/../../../../arm-none-eabi/lib/armv6k/fpu/libg.a(libc_a-malloc.o)
                0x001173ac                malloc
 .text.free     0x001173ec       0x20 /opt/devkitpro/devkitARM/lib/gcc/arm-none-eabi/15.2.0/../../../../arm-none-eabi/lib/armv6k/fpu/libg.a(libc_a-malloc.o)
                0x001173ec                free
 .text.__sread  0x0011740c       0x44 /opt/devkitpro/devkitARM/lib/gcc/arm-none-eabi/15.2.0/../../../../arm-none-eabi/lib/armv6k/fpu/libg.a(libc_a-stdio.o)
                0x0011740c                __sread
 .text.__swrite
                0x00117450       0x68 /opt/devkitpro/devkitARM/lib/gcc/arm-none-eabi/15.2.0/../../../../arm-none-eabi/lib/armv6k/fpu/libg.a(libc_a-stdio.o)
                0x00117450                __swrite
 .text.__sseek  0x001174b8       0x40 /opt/devkitpro/devkitARM/lib/gcc/arm-none-eabi/15.2.0/../../../../arm-none-eabi/lib/armv6k/fpu/libg.a(libc_a-stdio.o)
                0x001174b8                __sseek
 .text.__sclose
                0x001174f8        0x8 /opt/devkitpro/devkitARM/lib/gcc/arm-none-eabi/15.2.0/../../../../arm-none-eabi/lib/armv6k/fpu/libg.a(libc_a-stdio.o)
                0x001174f8                __sclose
 .text.__malloc_lock
                0x00117500        0xc /opt/devkitpro/devkitARM/lib/gcc/arm-none-eabi/15.2.0/../../../../arm-none-eabi/lib/armv6k/fpu/libg.a(libc_a-mlock.o)
                0x00117500                __malloc_lock
 .text.__malloc_unlock
                0x0011750c        0xc /opt/devkitpro/devkitARM/lib/gcc/arm-none-eabi/15.2.0/../../../../arm-none-eabi/lib/armv6k/fpu/libg.a(libc_a-mlock.o)
                0x0011750c                __malloc_unlock
 .text._fseeko_r
                0x00117518      0x588 /opt/devkitpro/devkitARM/lib/gcc/arm-none-eabi/15.2.0/../../../../arm-none-eabi/lib/armv6k/fpu/libg.a(libc_a-fseeko.o)
                0x00117518                _fseeko_r
 .text._fclose_r
                0x00117aa0      0x148 /opt/devkitpro/devkitARM/lib/gcc/arm-none-eabi/15.2.0/../../../../arm-none-eabi/lib/armv6k/fpu/libg.a(libc_a-fclose.o)
                0x00117aa0                _fclose_r
 .text.fclose   0x00117be8       0x20 /opt/devkitpro/devkitARM/lib/gcc/arm-none-eabi/15.2.0/../../../../arm-none-eabi/lib/armv6k/fpu/libg.a(libc_a-fclose.o)
                0x00117be8                fclose
 .text.time     0x00117c08       0x48 /opt/devkitpro/devkitARM/lib/gcc/arm-none-eabi/15.2.0/../../../../arm-none-eabi/lib/armv6k/fpu/libg.a(libc_a-time.o)
                0x00117c08                time
 .text.__call_exitprocs
                0x00117c50        0x4 /opt/devkitpro/devkitARM/lib/gcc/arm-none-eabi/15.2.0/../../../../arm-none-eabi/lib/armv6k/fpu/libg.a(libc_a-exit.o)
                0x00117c50                __call_exitprocs
 .text.exit     0x00117c54       0x30 /opt/devkitpro/devkitARM/lib/gcc/arm-none-eabi/15.2.0/../../../../arm-none-eabi/lib/armv6k/fpu/libg.a(libc_a-exit.o)
                0x00117c54                exit
 .text.__sflags
                0x00117c84       0xb8 /opt/devkitpro/devkitARM/lib/gcc/arm-none-eabi/15.2.0/../../../../arm-none-eabi/lib/armv6k/fpu/libg.a(libc_a-flags.o)
                0x00117c84                __sflags
 .text.__libc_fini_array
                0x00117d3c       0x3c /opt/devkitpro/devkitARM/lib/gcc/arm-none-eabi/15.2.0/../../../../arm-none-eabi/lib/armv6k/fpu/libg.a(libc_a-fini.o)
                0x00117d3c                __libc_fini_array
 .text.strnlen  0x00117d78       0x3c /opt/devkitpro/devkitARM/lib/gcc/arm-none-eabi/15.2.0/../../../../arm-none-eabi/lib/armv6k/fpu/libg.a(libc_a-strnlen.o)
                0x00117d78                strnlen
 .text.strncmp  0x00117db4       0xd8 /opt/devkitpro/devkitARM/lib/gcc/arm-none-eabi/15.2.0/../../../../arm-none-eabi/lib/armv6k/fpu/libg.a(libc_a-strncmp.o)
                0x00117db4                strncmp
 .text.lflush   0x00117e8c       0x38 /opt/devkitpro/devkitARM/lib/gcc/arm-none-eabi/15.2.0/../../../../arm-none-eabi/lib/armv6k/fpu/libg.a(libc_a-refill.o)
 .text.__srefill_r
                0x00117ec4      0x1a8 /opt/devkitpro/devkitARM/lib/gcc/arm-none-eabi/15.2.0/../../../../arm-none-eabi/lib/armv6k/fpu/libg.a(libc_a-refill.o)
                0x00117ec4                __srefill_r
 .text._fwalk_sglue
                0x0011806c       0x70 /opt/devkitpro/devkitARM/lib/gcc/arm-none-eabi/15.2.0/../../../../arm-none-eabi/lib/armv6k/fpu/libg.a(libc_a-fwalk.o)
                0x0011806c                _fwalk_sglue
 .text._exit    0x001180dc       0x20 /opt/devkitpro/devkitARM/lib/gcc/arm-none-eabi/15.2.0/../../../../arm-none-eabi/lib/armv6k/fpu/libsysbase.a(libsysbase_libsysbase_a-_exit.o)
                0x001180dc                _exit
 .text.chdir    0x001180fc      0x140 /opt/devkitpro/devkitARM/lib/gcc/arm-none-eabi/15.2.0/../../../../arm-none-eabi/lib/armv6k/fpu/libsysbase.a(libsysbase_libsysbase_a-chdir.o)
                0x001180fc                chdir
 .text._concatenate_path
                0x0011823c      0x1c8 /opt/devkitpro/devkitARM/lib/gcc/arm-none-eabi/15.2.0/../../../../arm-none-eabi/lib/armv6k/fpu/libsysbase.a(libsysbase_libsysbase_a-concatenate.o)
                0x0011823c                _concatenate_path
 .text._fstat_r
                0x00118404       0x9c /opt/devkitpro/devkitARM/lib/gcc/arm-none-eabi/15.2.0/../../../../arm-none-eabi/lib/armv6k/fpu/libsysbase.a(libsysbase_libsysbase_a-fstat.o)
                0x00118404                _fstat_r
 .text.__getreent
                0x001184a0       0x2c /opt/devkitpro/devkitARM/lib/gcc/arm-none-eabi/15.2.0/../../../../arm-none-eabi/lib/armv6k/fpu/libsysbase.a(libsysbase_libsysbase_a-getreent.o)
                0x001184a0                __getreent
 .text._gettimeofday_r
                0x001184cc       0x30 /opt/devkitpro/devkitARM/lib/gcc/arm-none-eabi/15.2.0/../../../../arm-none-eabi/lib/armv6k/fpu/libsysbase.a(libsysbase_libsysbase_a-gettod.o)
                0x001184cc                _gettimeofday_r
 .text.__release_handle
                0x001184fc       0xa0 /opt/devkitpro/devkitARM/lib/gcc/arm-none-eabi/15.2.0/../../../../arm-none-eabi/lib/armv6k/fpu/libsysbase.a(libsysbase_libsysbase_a-handle_manager.o)
                0x001184fc                __release_handle
 .text.__alloc_handle
                0x0011859c       0xb0 /opt/devkitpro/devkitARM/lib/gcc/arm-none-eabi/15.2.0/../../../../arm-none-eabi/lib/armv6k/fpu/libsysbase.a(libsysbase_libsysbase_a-handle_manager.o)
                0x0011859c                __alloc_handle
 .text.__get_handle
                0x0011864c       0x58 /opt/devkitpro/devkitARM/lib/gcc/arm-none-eabi/15.2.0/../../../../arm-none-eabi/lib/armv6k/fpu/libsysbase.a(libsysbase_libsysbase_a-handle_manager.o)
                0x0011864c                __get_handle
 .text._close_r
                0x001186a4      0x110 /opt/devkitpro/devkitARM/lib/gcc/arm-none-eabi/15.2.0/../../../../arm-none-eabi/lib/armv6k/fpu/libsysbase.a(libsysbase_libsysbase_a-handle_manager.o)
                0x001186a4                _close_r
 .text.null_write
                0x001187b4        0x8 /opt/devkitpro/devkitARM/lib/gcc/arm-none-eabi/15.2.0/../../../../arm-none-eabi/lib/armv6k/fpu/libsysbase.a(libsysbase_libsysbase_a-iosupport.o)
 .text.setDefaultDevice
                0x001187bc       0x18 /opt/devkitpro/devkitARM/lib/gcc/arm-none-eabi/15.2.0/../../../../arm-none-eabi/lib/armv6k/fpu/libsysbase.a(libsysbase_libsysbase_a-iosupport.o)
                0x001187bc                setDefaultDevice
 .text.FindDevice
                0x001187d4       0x98 /opt/devkitpro/devkitARM/lib/gcc/arm-none-eabi/15.2.0/../../../../arm-none-eabi/lib/armv6k/fpu/libsysbase.a(libsysbase_libsysbase_a-iosupport.o)
                0x001187d4                FindDevice
 .text.RemoveDevice
                0x0011886c       0x24 /opt/devkitpro/devkitARM/lib/gcc/arm-none-eabi/15.2.0/../../../../arm-none-eabi/lib/armv6k/fpu/libsysbase.a(libsysbase_libsysbase_a-iosupport.o)
                0x0011886c                RemoveDevice
 .text.AddDevice
                0x00118890       0x88 /opt/devkitpro/devkitARM/lib/gcc/arm-none-eabi/15.2.0/../../../../arm-none-eabi/lib/armv6k/fpu/libsysbase.a(libsysbase_libsysbase_a-iosupport.o)
                0x00118890                AddDevice
 .text.GetDeviceOpTab
                0x00118918       0x20 /opt/devkitpro/devkitARM/lib/gcc/arm-none-eabi/15.2.0/../../../../arm-none-eabi/lib/armv6k/fpu/libsysbase.a(libsysbase_libsysbase_a-iosupport.o)
                0x00118918                GetDeviceOpTab
 .text._isatty_r
                0x00118938        0x8 /opt/devkitpro/devkitARM/lib/gcc/arm-none-eabi/15.2.0/../../../../arm-none-eabi/lib/armv6k/fpu/libsysbase.a(libsysbase_libsysbase_a-isatty.o)
                0x00118938                _isatty_r
 .text._lseek_r
                0x00118940       0x94 /opt/devkitpro/devkitARM/lib/gcc/arm-none-eabi/15.2.0/../../../../arm-none-eabi/lib/armv6k/fpu/libsysbase.a(libsysbase_libsysbase_a-lseek.o)
                0x00118940                _lseek_r
 .text._open_r  0x001189d4       0xc0 /opt/devkitpro/devkitARM/lib/gcc/arm-none-eabi/15.2.0/../../../../arm-none-eabi/lib/armv6k/fpu/libsysbase.a(libsysbase_libsysbase_a-open.o)
                0x001189d4                _open_r
 .text._read_r  0x00118a94       0x94 /opt/devkitpro/devkitARM/lib/gcc/arm-none-eabi/15.2.0/../../../../arm-none-eabi/lib/armv6k/fpu/libsysbase.a(libsysbase_libsysbase_a-read.o)
                0x00118a94                _read_r
 .text._sbrk_r  0x00118b28       0x78 /opt/devkitpro/devkitARM/lib/gcc/arm-none-eabi/15.2.0/../../../../arm-none-eabi/lib/armv6k/fpu/libsysbase.a(libsysbase_libsysbase_a-sbrk.o)
                0x00118b28                _sbrk_r
 .text.__libc_lock_acquire
                0x00118ba0       0x1c /opt/devkitpro/devkitARM/lib/gcc/arm-none-eabi/15.2.0/../../../../arm-none-eabi/lib/armv6k/fpu/libsysbase.a(libsysbase_libsysbase_a-syscall_support.o)
                0x00118ba0                __libc_lock_acquire
 .text.__libc_lock_release
                0x00118bbc       0x1c /opt/devkitpro/devkitARM/lib/gcc/arm-none-eabi/15.2.0/../../../../arm-none-eabi/lib/armv6k/fpu/libsysbase.a(libsysbase_libsysbase_a-syscall_support.o)
                0x00118bbc                __libc_lock_release
 .text.__libc_lock_acquire_recursive
                0x00118bd8       0x1c /opt/devkitpro/devkitARM/lib/gcc/arm-none-eabi/15.2.0/../../../../arm-none-eabi/lib/armv6k/fpu/libsysbase.a(libsysbase_libsysbase_a-syscall_support.o)
                0x00118bd8                __libc_lock_acquire_recursive
 .text.__libc_lock_release_recursive
                0x00118bf4       0x1c /opt/devkitpro/devkitARM/lib/gcc/arm-none-eabi/15.2.0/../../../../arm-none-eabi/lib/armv6k/fpu/libsysbase.a(libsysbase_libsysbase_a-syscall_support.o)
                0x00118bf4                __libc_lock_release_recursive
 .text._write_r
                0x00118c10       0x94 /opt/devkitpro/devkitARM/lib/gcc/arm-none-eabi/15.2.0/../../../../arm-none-eabi/lib/armv6k/fpu/libsysbase.a(libsysbase_libsysbase_a-write.o)
                0x00118c10                _write_r
 .text.strrchr  0x00118ca4       0x48 /opt/devkitpro/devkitARM/lib/gcc/arm-none-eabi/15.2.0/../../../../arm-none-eabi/lib/armv6k/fpu/libg.a(libc_a-strrchr.o)
                0x00118ca4                strrchr
 *(.glue_7)
 .glue_7        0x00118cec        0x0 linker stubs
 *(.glue_7t)
 .glue_7t       0x00118cec        0x0 linker stubs
 *(.stub)
 *(.gnu.warning)
 *(.gnu.linkonce.t*)
                0x00118cec                        . = ALIGN (0x4)
 *(.fini)
 .fini          0x00118cec        0xc /opt/devkitpro/devkitARM/lib/gcc/arm-none-eabi/15.2.0/armv6k/fpu/crti.o
                0x00118cec                _fini
 .fini          0x00118cf8        0xc /opt/devkitpro/devkitARM/lib/gcc/arm-none-eabi/15.2.0/armv6k/fpu/crtn.o
                0x00118d04                        . = ALIGN (0x4)

.vfp11_veneer   0x00118d04        0x0
 .vfp11_veneer  0x00118d04        0x0 linker stubs

.v4_bx          0x00118d04        0x0
 .v4_bx         0x00118d04        0x0 linker stubs

.iplt           0x00118d04        0x0
 .iplt          0x00118d04        0x0 /opt/devkitpro/devkitARM/lib/gcc/arm-none-eabi/15.2.0/../../../../arm-none-eabi/lib/armv6k/fpu/3dsx_crt0.o
                0x00119000                        . = ALIGN (0x1000)

.rodata         0x00119000      0xa20
 *(.rodata)
 .rodata        0x00119000      0x100 world.o
 .rodata        0x00119100        0x8 /opt/devkitpro/libctru/lib/libcitro2d.a(base.o)
 .rodata        0x00119108        0xc /opt/devkitpro/libctru/lib/libctru.a(romfs_dev.o)
 .rodata        0x00119114        0xc /opt/devkitpro/libctru/lib/libctru.a(archive_dev.o)
 *(.roda)
 *(.rodata.*)
 .rodata.str1.4
                0x00119120       0xe0 ctr_gfx.o
                                 0x17 (size before relaxing)
 .rodata.str1.4
                0x00119200        0x0 main.o
                                  0x6 (size before relaxing)
 .rodata.str1.4
                0x00119200        0x0 /opt/devkitpro/libctru/lib/libcitro2d.a(base.o)
                                 0x10 (size before relaxing)
 .rodata.str1.4
                0x00119200        0x0 /opt/devkitpro/libctru/lib/libcitro2d.a(spritesheet.o)
                                  0x3 (size before relaxing)
 .rodata.render2d_shbin
                0x00119200      0x18c /opt/devkitpro/libctru/lib/libcitro2d.a(render2d_shbin.o)
                0x00119200                render2d_shbin
                0x0011938c                render2d_shbin_end
 .rodata.depthFmtSizes
                0x0011938c        0x4 /opt/devkitpro/libctru/lib/libcitro3d.a(framebuffer.o)
 .rodata.colorFmtSizes
                0x00119390        0x5 /opt/devkitpro/libctru/lib/libcitro3d.a(framebuffer.o)
 *fill*         0x00119395        0x3 
 .rodata.CSWTCH.11
                0x00119398       0x10 /opt/devkitpro/libctru/lib/libcitro3d.a(proctex.o)
 .rodata.CSWTCH.19
                0x001193a8       0x38 /opt/devkitpro/libctru/lib/libcitro3d.a(texture.o)
 .rodata.romfs_dirnext.str1.4
                0x001193e0        0x0 /opt/devkitpro/libctru/lib/libctru.a(romfs_dev.o)
                                  0x7 (size before relaxing)
 .rodata.romfsMountSelf.str1.4
                0x001193e0        0x0 /opt/devkitpro/libctru/lib/libctru.a(romfs_dev.o)
                                 0x19 (size before relaxing)
 .rodata.str1.4
                0x001193e0        0x0 /opt/devkitpro/libctru/lib/libctru.a(romfs_dev.o)
                                  0x1 (size before relaxing)
 .rodata.romFS_devoptab
                0x001193e0       0x80 /opt/devkitpro/libctru/lib/libctru.a(romfs_dev.o)
 .rodata.DVLE_GenerateOutmap.part.0
                0x00119460        0x9 /opt/devkitpro/libctru/lib/libctru.a(shbin.o)
 .rodata.aptEventHandler
                0x00119469        0xb /opt/devkitpro/libctru/lib/libctru.a(apt.o)
 .rodata.aptWaitForWakeUp.isra.0
                0x00119474       0x11 /opt/devkitpro/libctru/lib/libctru.a(apt.o)
 *fill*         0x00119485        0x3 
 .rodata.morton_y.2
                0x00119488        0x8 /opt/devkitpro/libctru/lib/libctru.a(apt.o)
 .rodata.morton_x.3
                0x00119490        0x8 /opt/devkitpro/libctru/lib/libctru.a(apt.o)
 .rodata.s_sleepWakeEvents.4
                0x00119498        0x8 /opt/devkitpro/libctru/lib/libctru.a(apt.o)
 .rodata.str1.4
                0x001194a0        0x0 /opt/devkitpro/libctru/lib/libctru.a(apt.o)
                                 0x16 (size before relaxing)
 .rodata.serviceNameTable.5
                0x001194a0        0xc /opt/devkitpro/libctru/lib/libctru.a(apt.o)
 .rodata.fsInit.str1.4
                0x001194ac        0x0 /opt/devkitpro/libctru/lib/libctru.a(fs.o)
                                  0x8 (size before relaxing)
 .rodata.gspInit.str1.4
                0x001194ac        0x0 /opt/devkitpro/libctru/lib/libctru.a(gspgpu.o)
                                  0x9 (size before relaxing)
 .rodata.hidInit.str1.4
                0x001194ac        0x0 /opt/devkitpro/libctru/lib/libctru.a(hid.o)
                                 0x15 (size before relaxing)
 .rodata.irrstInit.str1.4
                0x001194ac        0x0 /opt/devkitpro/libctru/lib/libctru.a(irrst.o)
                                  0x7 (size before relaxing)
 .rodata.ptmSysmInit.str1.4
                0x001194ac        0x0 /opt/devkitpro/libctru/lib/libctru.a(ptmsysm.o)
                                  0x9 (size before relaxing)
 .rodata.decompressV
                0x001194ac       0x21 /opt/devkitpro/libctru/lib/libctru.a(decompress.o)
 .rodata.__system_initArgv.str1.4
                0x001194cd        0x0 /opt/devkitpro/libctru/lib/libctru.a(initArgv.o)
                                  0xa (size before relaxing)
 .rodata.srvInit.str1.4
                0x001194cd        0x0 /opt/devkitpro/libctru/lib/libctru.a(srv.o)
                                  0x5 (size before relaxing)
 .rodata.archive_utf16path.str1.4
                0x001194cd        0x0 /opt/devkitpro/libctru/lib/libctru.a(archive_dev.o)
                                  0x2 (size before relaxing)
 .rodata._archiveUnmountDeviceStruct.part.0.str1.4
                0x001194cd        0x0 /opt/devkitpro/libctru/lib/libctru.a(archive_dev.o)
                                  0x2 (size before relaxing)
 .rodata._archiveMountDevice.str1.4
                0x001194cd        0x0 /opt/devkitpro/libctru/lib/libctru.a(archive_dev.o)
                                  0xc (size before relaxing)
 .rodata.archiveMountSdmc.str1.4
                0x001194cd        0x0 /opt/devkitpro/libctru/lib/libctru.a(archive_dev.o)
                                  0x5 (size before relaxing)
 *fill*         0x001194cd        0x3 
 .rodata.error_table
                0x001194d0       0x30 /opt/devkitpro/libctru/lib/libctru.a(archive_dev.o)
 .rodata.str1.4
                0x00119500        0x0 /opt/devkitpro/libctru/lib/libctru.a(archive_dev.o)
                                  0x8 (size before relaxing)
 .rodata.archive_devoptab
                0x00119500       0x80 /opt/devkitpro/libctru/lib/libctru.a(archive_dev.o)
 .rodata.npio2_hw
                0x00119580       0x80 /opt/devkitpro/devkitARM/lib/gcc/arm-none-eabi/15.2.0/../../../../arm-none-eabi/lib/armv6k/fpu/libm.a(libm_a-e_rem_pio2.o)
 .rodata.two_over_pi
                0x00119600      0x108 /opt/devkitpro/devkitARM/lib/gcc/arm-none-eabi/15.2.0/../../../../arm-none-eabi/lib/armv6k/fpu/libm.a(libm_a-e_rem_pio2.o)
 .rodata.PIo2   0x00119708       0x40 /opt/devkitpro/devkitARM/lib/gcc/arm-none-eabi/15.2.0/../../../../arm-none-eabi/lib/armv6k/fpu/libm.a(libm_a-k_rem_pio2.o)
 .rodata.init_jk
                0x00119748       0x10 /opt/devkitpro/devkitARM/lib/gcc/arm-none-eabi/15.2.0/../../../../arm-none-eabi/lib/armv6k/fpu/libm.a(libm_a-k_rem_pio2.o)
 .rodata.__inv_pio4
                0x00119758       0x60 /opt/devkitpro/devkitARM/lib/gcc/arm-none-eabi/15.2.0/../../../../arm-none-eabi/lib/armv6k/fpu/libm.a(libm_a-sincosf_data.o)
                0x00119758                __inv_pio4
 .rodata.__sincosf_table
                0x001197b8       0xe0 /opt/devkitpro/devkitARM/lib/gcc/arm-none-eabi/15.2.0/../../../../arm-none-eabi/lib/armv6k/fpu/libm.a(libm_a-sincosf_data.o)
                0x001197b8                __sincosf_table
 .rodata._ctype_
                0x00119898      0x101 /opt/devkitpro/devkitARM/lib/gcc/arm-none-eabi/15.2.0/../../../../arm-none-eabi/lib/armv6k/fpu/libg.a(libc_a-ctype_.o)
                0x00119898                _ctype_
 .rodata.str1.4
                0x00119999        0x0 /opt/devkitpro/devkitARM/lib/gcc/arm-none-eabi/15.2.0/../../../../arm-none-eabi/lib/armv6k/fpu/libsysbase.a(libsysbase_libsysbase_a-iosupport.o)
                                  0x8 (size before relaxing)
 *fill*         0x00119999        0x3 
 .rodata.dotab_stdnull
                0x0011999c       0x80 /opt/devkitpro/devkitARM/lib/gcc/arm-none-eabi/15.2.0/../../../../arm-none-eabi/lib/armv6k/fpu/libsysbase.a(libsysbase_libsysbase_a-iosupport.o)
                0x0011999c                dotab_stdnull
 *all.rodata*(*)